Component: ARM Compiler 5.06 update 7 (build 960) Tool: armlink [4d3601]

==============================================================================

Section Cross References

    startup_stm32f10x_hd.o(STACK) refers (Special) to heapauxi.o(.text) for __use_two_region_memory
    startup_stm32f10x_hd.o(HEAP) refers (Special) to heapauxi.o(.text) for __use_two_region_memory
    startup_stm32f10x_hd.o(RESET) refers (Special) to heapauxi.o(.text) for __use_two_region_memory
    startup_stm32f10x_hd.o(RESET) refers to startup_stm32f10x_hd.o(STACK) for __initial_sp
    startup_stm32f10x_hd.o(RESET) refers to startup_stm32f10x_hd.o(.text) for Reset_Handler
    startup_stm32f10x_hd.o(RESET) refers to stm32f10x_it.o(i.NMI_Handler) for NMI_Handler
    startup_stm32f10x_hd.o(RESET) refers to stm32f10x_it.o(i.HardFault_Handler) for HardFault_Handler
    startup_stm32f10x_hd.o(RESET) refers to stm32f10x_it.o(i.MemManage_Handler) for MemManage_Handler
    startup_stm32f10x_hd.o(RESET) refers to stm32f10x_it.o(i.BusFault_Handler) for BusFault_Handler
    startup_stm32f10x_hd.o(RESET) refers to stm32f10x_it.o(i.UsageFault_Handler) for UsageFault_Handler
    startup_stm32f10x_hd.o(RESET) refers to stm32f10x_it.o(i.SVC_Handler) for SVC_Handler
    startup_stm32f10x_hd.o(RESET) refers to stm32f10x_it.o(i.DebugMon_Handler) for DebugMon_Handler
    startup_stm32f10x_hd.o(RESET) refers to stm32f10x_it.o(i.PendSV_Handler) for PendSV_Handler
    startup_stm32f10x_hd.o(RESET) refers to stm32f10x_it.o(i.SysTick_Handler) for SysTick_Handler
    startup_stm32f10x_hd.o(RESET) refers to usart.o(i.USART2_IRQHandler) for USART2_IRQHandler
    startup_stm32f10x_hd.o(.text) refers (Special) to heapauxi.o(.text) for __use_two_region_memory
    startup_stm32f10x_hd.o(.text) refers to system_stm32f10x.o(i.SystemInit) for SystemInit
    startup_stm32f10x_hd.o(.text) refers to __main.o(!!!main) for __main
    startup_stm32f10x_hd.o(.text) refers to startup_stm32f10x_hd.o(HEAP) for Heap_Mem
    startup_stm32f10x_hd.o(.text) refers to startup_stm32f10x_hd.o(STACK) for Stack_Mem
    stm32f10x_adc.o(i.ADC_DeInit) refers to stm32f10x_rcc.o(i.RCC_APB2PeriphResetCmd) for RCC_APB2PeriphResetCmd
    stm32f10x_bkp.o(i.BKP_DeInit) refers to stm32f10x_rcc.o(i.RCC_BackupResetCmd) for RCC_BackupResetCmd
    stm32f10x_can.o(i.CAN_DeInit) refers to stm32f10x_rcc.o(i.RCC_APB1PeriphResetCmd) for RCC_APB1PeriphResetCmd
    stm32f10x_can.o(i.CAN_GetITStatus) refers to stm32f10x_can.o(i.CheckITStatus) for CheckITStatus
    stm32f10x_cec.o(i.CEC_DeInit) refers to stm32f10x_rcc.o(i.RCC_APB1PeriphResetCmd) for RCC_APB1PeriphResetCmd
    stm32f10x_dac.o(i.DAC_DeInit) refers to stm32f10x_rcc.o(i.RCC_APB1PeriphResetCmd) for RCC_APB1PeriphResetCmd
    stm32f10x_flash.o(i.FLASH_EnableWriteProtection) refers to stm32f10x_flash.o(i.FLASH_WaitForLastOperation) for FLASH_WaitForLastOperation
    stm32f10x_flash.o(i.FLASH_EraseAllBank1Pages) refers to stm32f10x_flash.o(i.FLASH_WaitForLastBank1Operation) for FLASH_WaitForLastBank1Operation
    stm32f10x_flash.o(i.FLASH_EraseAllPages) refers to stm32f10x_flash.o(i.FLASH_WaitForLastOperation) for FLASH_WaitForLastOperation
    stm32f10x_flash.o(i.FLASH_EraseOptionBytes) refers to stm32f10x_flash.o(i.FLASH_GetReadOutProtectionStatus) for FLASH_GetReadOutProtectionStatus
    stm32f10x_flash.o(i.FLASH_EraseOptionBytes) refers to stm32f10x_flash.o(i.FLASH_WaitForLastOperation) for FLASH_WaitForLastOperation
    stm32f10x_flash.o(i.FLASH_ErasePage) refers to stm32f10x_flash.o(i.FLASH_WaitForLastOperation) for FLASH_WaitForLastOperation
    stm32f10x_flash.o(i.FLASH_ProgramHalfWord) refers to stm32f10x_flash.o(i.FLASH_WaitForLastOperation) for FLASH_WaitForLastOperation
    stm32f10x_flash.o(i.FLASH_ProgramOptionByteData) refers to stm32f10x_flash.o(i.FLASH_WaitForLastOperation) for FLASH_WaitForLastOperation
    stm32f10x_flash.o(i.FLASH_ProgramWord) refers to stm32f10x_flash.o(i.FLASH_WaitForLastOperation) for FLASH_WaitForLastOperation
    stm32f10x_flash.o(i.FLASH_ReadOutProtection) refers to stm32f10x_flash.o(i.FLASH_WaitForLastOperation) for FLASH_WaitForLastOperation
    stm32f10x_flash.o(i.FLASH_UserOptionByteConfig) refers to stm32f10x_flash.o(i.FLASH_WaitForLastOperation) for FLASH_WaitForLastOperation
    stm32f10x_flash.o(i.FLASH_WaitForLastBank1Operation) refers to stm32f10x_flash.o(i.FLASH_GetBank1Status) for FLASH_GetBank1Status
    stm32f10x_flash.o(i.FLASH_WaitForLastOperation) refers to stm32f10x_flash.o(i.FLASH_GetBank1Status) for FLASH_GetBank1Status
    stm32f10x_gpio.o(i.GPIO_AFIODeInit) refers to stm32f10x_rcc.o(i.RCC_APB2PeriphResetCmd) for RCC_APB2PeriphResetCmd
    stm32f10x_gpio.o(i.GPIO_DeInit) refers to stm32f10x_rcc.o(i.RCC_APB2PeriphResetCmd) for RCC_APB2PeriphResetCmd
    stm32f10x_i2c.o(i.I2C_DeInit) refers to stm32f10x_rcc.o(i.RCC_APB1PeriphResetCmd) for RCC_APB1PeriphResetCmd
    stm32f10x_i2c.o(i.I2C_Init) refers to stm32f10x_rcc.o(i.RCC_GetClocksFreq) for RCC_GetClocksFreq
[...]
    i.VL53L1_preset_mode_low_power_auto_short_ranging 0x0800399c   Section        0  vl53l1_api_preset_modes.o(i.VL53L1_preset_mode_low_power_auto_short_ranging)
    i.VL53L1_preset_mode_olt                 0x080039d8   Section        0  vl53l1_api_preset_modes.o(i.VL53L1_preset_mode_olt)
    i.VL53L1_preset_mode_singleshot_ranging  0x08003a08   Section        0  vl53l1_api_preset_modes.o(i.VL53L1_preset_mode_singleshot_ranging)
    i.VL53L1_preset_mode_standard_ranging    0x08003a56   Section        0  vl53l1_api_preset_modes.o(i.VL53L1_preset_mode_standard_ranging)
    i.VL53L1_preset_mode_standard_ranging_long_range 0x08003b90   Section        0  vl53l1_api_preset_modes.o(i.VL53L1_preset_mode_standard_ranging_long_range)
    i.VL53L1_preset_mode_standard_ranging_mm1_cal 0x08003be4   Section        0  vl53l1_api_preset_modes.o(i.VL53L1_preset_mode_standard_ranging_mm1_cal)
    i.VL53L1_preset_mode_standard_ranging_mm2_cal 0x08003c18   Section        0  vl53l1_api_preset_modes.o(i.VL53L1_preset_mode_standard_ranging_mm2_cal)
    i.VL53L1_preset_mode_standard_ranging_short_range 0x08003c4c   Section        0  vl53l1_api_preset_modes.o(i.VL53L1_preset_mode_standard_ranging_short_range)
    i.VL53L1_preset_mode_timed_ranging       0x08003ca0   Section        0  vl53l1_api_preset_modes.o(i.VL53L1_preset_mode_timed_ranging)
    i.VL53L1_preset_mode_timed_ranging_long_range 0x08003cf4   Section        0  vl53l1_api_preset_modes.o(i.VL53L1_preset_mode_timed_ranging_long_range)
    i.VL53L1_preset_mode_timed_ranging_short_range 0x08003d48   Section        0  vl53l1_api_preset_modes.o(i.VL53L1_preset_mode_timed_ranging_short_range)
    i.VL53L1_read_byte                       0x08003d9e   Section        0  vl53l1x_i2c.o(i.VL53L1_read_byte)
    i.VL53L1_read_multi                      0x08003dbe   Section        0  vl53l1x_i2c.o(i.VL53L1_read_multi)
    i.VL53L1_read_nvm_raw_data               0x08003de6   Section        0  vl53l1_api.o(i.VL53L1_read_nvm_raw_data)
    VL53L1_read_nvm_raw_data                 0x08003de7   Thumb Code    60  vl53l1_api.o(i.VL53L1_read_nvm_raw_data)
    i.VL53L1_read_p2p_data                   0x08003e22   Section        0  vl53l1_api_core.o(i.VL53L1_read_p2p_data)
    i.VL53L1_read_word                       0x08003ebe   Section        0  vl53l1x_i2c.o(i.VL53L1_read_word)
    i.VL53L1_run_device_test                 0x08003ee8   Section        0  vl53l1_api_calibration.o(i.VL53L1_run_device_test)
    i.VL53L1_run_ref_spad_char               0x08003f7a   Section        0  vl53l1_api_calibration.o(i.VL53L1_run_ref_spad_char)
    i.VL53L1_set_firmware_enable_register    0x0800409c   Section        0  vl53l1_core.o(i.VL53L1_set_firmware_enable_register)
    i.VL53L1_set_inter_measurement_period_ms 0x080040c0   Section        0  vl53l1_api_core.o(i.VL53L1_set_inter_measurement_period_ms)
    i.VL53L1_set_lite_min_count_rate         0x080040ea   Section        0  vl53l1_api_core.o(i.VL53L1_set_lite_min_count_rate)
    i.VL53L1_set_lite_sigma_threshold        0x080040fa   Section        0  vl53l1_api_core.o(i.VL53L1_set_lite_sigma_threshold)
    i.VL53L1_set_mode                        0x0800410c   Section        0  vl53l1x.o(i.VL53L1_set_mode)
    i.VL53L1_set_powerforce_register         0x08004274   Section        0  vl53l1_core.o(i.VL53L1_set_powerforce_register)
    i.VL53L1_set_preset_mode                 0x08004298   Section        0  vl53l1_api_core.o(i.VL53L1_set_preset_mode)
    i.VL53L1_set_ref_spad_char_config        0x08004472   Section        0  vl53l1_core.o(i.VL53L1_set_ref_spad_char_config)
    i.VL53L1_set_timeouts_us                 0x08004530   Section        0  vl53l1_api_core.o(i.VL53L1_set_timeouts_us)
    i.VL53L1_set_user_zone                   0x08004580   Section        0  vl53l1_api_core.o(i.VL53L1_set_user_zone)
    i.VL53L1_set_vhv_loopbound               0x080045aa   Section        0  vl53l1_api_core.o(i.VL53L1_set_vhv_loopbound)
    i.VL53L1_start_test                      0x080045ca   Section        0  vl53l1_core.o(i.VL53L1_start_test)
    i.VL53L1_update_ll_driver_cfg_state      0x080045e4   Section        0  vl53l1_core.o(i.VL53L1_update_ll_driver_cfg_state)
    i.VL53L1_update_ll_driver_rd_state       0x08004666   Section        0  vl53l1_core.o(i.VL53L1_update_ll_driver_rd_state)
    i.VL53L1_wait_for_test_completion        0x08004712   Section        0  vl53l1_wait.o(i.VL53L1_wait_for_test_completion)
    i.VL53L1_write_byte                      0x0800475a   Section        0  vl53l1x_i2c.o(i.VL53L1_write_byte)
    i.VL53L1_write_multi                     0x08004774   Section        0  vl53l1x_i2c.o(i.VL53L1_write_multi)
    i.VL53L1_write_word                      0x0800479c   Section        0  vl53l1x_i2c.o(i.VL53L1_write_word)
    i.VL53l1_GPIO_Init                       0x080047f0   Section        0  vl53l1x.o(i.VL53l1_GPIO_Init)
    i.VL_I2C_Read_nByte                      0x0800481c   Section        0  vl53l1x_i2c.o(i.VL_I2C_Read_nByte)
    i.VL_I2C_Write_nByte                     0x08004894   Section        0  vl53l1x_i2c.o(i.VL_I2C_Write_nByte)
    i.VL_IIC_Ack                             0x080048f0   Section        0  vl53l1x_i2c.o(i.VL_IIC_Ack)
    i.VL_IIC_NAck                            0x08004940   Section        0  vl53l1x_i2c.o(i.VL_IIC_NAck)
    i.VL_IIC_Read_Byte                       0x08004990   Section        0  vl53l1x_i2c.o(i.VL_IIC_Read_Byte)
    i.VL_IIC_Send_Byte                       0x08004a0c   Section        0  vl53l1x_i2c.o(i.VL_IIC_Send_Byte)
    i.VL_IIC_Start                           0x08004a80   Section        0  vl53l1x_i2c.o(i.VL_IIC_Start)
    i.VL_IIC_Stop                            0x08004acc   Section        0  vl53l1x_i2c.o(i.VL_IIC_Stop)
    i.VL_IIC_Wait_Ack                        0x08004b18   Section        0  vl53l1x_i2c.o(i.VL_IIC_Wait_Ack)
    i._sys_exit                              0x08004b7c   Section        0  usart.o(i._sys_exit)
    i.delay_init                             0x08004b80   Section        0  delay.o(i.delay_init)
    i.delay_ms                               0x08004bc4   Section        0  delay.o(i.delay_ms)
    i.delay_us                               0x08004c10   Section        0  delay.o(i.delay_us)
    i.fputc                                  0x08004c5c   Section        0  usart.o(i.fputc)
    i.main                                   0x08004c78   Section        0  main.o(i.main)
    i.uart_init                              0x08004dc8   Section        0  usart.o(i.uart_init)
    i.uart_init_2                            0x08004e74   Section        0  usart.o(i.uart_init_2)
    .constdata                               0x08004f20   Section     6080  oled.o(.constdata)
    .data                                    0x20000000   Section       20  stm32f10x_rcc.o(.data)
    APBAHBPrescTable                         0x20000000   Data          16  stm32f10x_rcc.o(.data)
    ADCPrescTable                            0x20000010   Data           4  stm32f10x_rcc.o(.data)
    .data                                    0x20000014   Section        4  delay.o(.data)
    fac_us                                   0x20000014   Data           1  delay.o(.data)
    fac_ms                                   0x20000016   Data           2  delay.o(.data)
    .data                                    0x20000018   Section        8  usart.o(.data)
    .data                                    0x20000020   Section       12  main.o(.data)
    .data                                    0x2000002c   Section       20  system_stm32f10x.o(.data)
    .data                                    0x20000040   Section     5784  oled.o(.data)
    .data                                    0x200016d8   Section       60  vl53l1x.o(.data)
    .bss                                     0x20001714   Section      400  usart.o(.bss)
    .bss                                     0x200018a4   Section     1152  oled.o(.bss)
    .bss                                     0x20001d24   Section     1912  vl53l1x.o(.bss)
    .bss                                     0x2000249c   Section       96  libspace.o(.bss)
    HEAP                                     0x20002500   Section      512  startup_stm32f10x_hd.o(HEAP)
    Heap_Mem                                 0x20002500   Data         512  startup_stm32f10x_hd.o(HEAP)
    STACK                                    0x20002700   Section     1024  startup_stm32f10x_hd.o(STACK)
    Stack_Mem                                0x20002700   Data        1024  startup_stm32f10x_hd.o(STACK)
    __initial_sp                             0x20002b00   Data           0  startup_stm32f10x_hd.o(STACK)

    Global Symbols

    Symbol Name                              Value     Ov Type        Size  Object(Section)

    BuildAttributes$$THM_ISAv4$P$D$K$B$S$PE$A:L22UL41UL21$X:L11$S22US41US21$IEEE1$IW$USESV6$~STKCKD$USESV7$~SHL$OSPACE$ROPI$EBA8$UX$STANDARDLIB$REQ8$PRES8$EABIv2 0x00000000   Number         0  anon$$obj.o ABSOLUTE
    __ARM_use_no_argv                        0x00000000   Number         0  main.o ABSOLUTE
    __ARM_exceptions_init                     - Undefined Weak Reference
    __alloca_initialize                       - Undefined Weak Reference
    __arm_fini_                               - Undefined Weak Reference
    __arm_preinit_                            - Undefined Weak Reference
    __cpp_initialize__aeabi_                  - Undefined Weak Reference
    __cxa_finalize                            - Undefined Weak Reference
    __rt_locale                               - Undefined Weak Reference
    __sigvec_lookup                           - Undefined Weak Reference
    _atexit_init                              - Undefined Weak Reference
    _call_atexit_fns                          - Undefined Weak Reference
    _clock_init                               - Undefined Weak Reference
    _fp_trap_init                             - Undefined Weak Reference
    _fp_trap_shutdown                         - Undefined Weak Reference
    _get_lc_collate                           - Undefined Weak Reference
    _get_lc_ctype                             - Undefined Weak Reference
    _get_lc_monetary                          - Undefined Weak Reference
    _get_lc_numeric                           - Undefined Weak Reference
    _get_lc_time                              - Undefined Weak Reference
    _getenv_init                              - Undefined Weak Reference
    _handle_redirection                       - Undefined Weak Reference
    _init_alloc                               - Undefined Weak Reference
    _init_user_alloc                          - Undefined Weak Reference
    _initio                                   - Undefined Weak Reference
    _mutex_acquire                            - Undefined Weak Reference
    _mutex_release                            - Undefined Weak Reference
    _printf_post_padding                      - Undefined Weak Reference
    _printf_pre_padding                       - Undefined Weak Reference
    _printf_truncate_signed                   - Undefined Weak Reference
    _printf_truncate_unsigned                 - Undefined Weak Reference
    _rand_init                                - Undefined Weak Reference
    _signal_finish                            - Undefined Weak Reference
    _signal_init                              - Undefined Weak Reference
    _terminate_alloc                          - Undefined Weak Reference
    _terminate_user_alloc                     - Undefined Weak Reference
    _terminateio                              - Undefined Weak Reference
    __Vectors_Size                           0x00000130   Number         0  startup_stm32f10x_hd.o ABSOLUTE
    __Vectors                                0x08000000   Data           4  startup_stm32f10x_hd.o(RESET)
    __Vectors_End                            0x08000130   Data           0  startup_stm32f10x_hd.o(RESET)
    __main                                   0x08000131   Thumb Code     8  __main.o(!!!main)
    __scatterload                            0x08000139   Thumb Code     0  __scatter.o(!!!scatter)
    __scatterload_rt2                        0x08000139   Thumb Code    44  __scatter.o(!!!scatter)
    __scatterload_rt2_thumb_only             0x08000139   Thumb Code     0  __scatter.o(!!!scatter)
    __scatterload_null                       0x08000147   Thumb Code     0  __scatter.o(!!!scatter)
    __decompress                             0x0800016d   Thumb Code    90  __dczerorl2.o(!!dczerorl2)
    __decompress1                            0x0800016d   Thumb Code     0  __dczerorl2.o(!!dczerorl2)
    __scatterload_zeroinit                   0x080001c9   Thumb Code    28  __scatter_zi.o(!!handler_zi)
    _printf_percent                          0x080001e5   Thumb Code     0  _printf_percent.o(.ARM.Collect$$_printf_percent$$00000000)
    _printf_percent_end                      0x080001e5   Thumb Code     0  _printf_percent_end.o(.ARM.Collect$$_printf_percent$$00000017)
    __rt_lib_init                            0x080001e9   Thumb Code     0  libinit.o(.ARM.Collect$$libinit$$00000000)
    __rt_lib_init_alloca_1                   0x080001eb   Thumb Code     0  libinit2.o(.ARM.Collect$$libinit$$0000002E)
    __rt_lib_init_argv_1                     0x080001eb   Thumb Code     0  libinit2.o(.ARM.Collect$$libinit$$0000002C)
    __rt_lib_init_atexit_1                   0x080001eb   Thumb Code     0  libinit2.o(.ARM.Collect$$libinit$$0000001B)
    __rt_lib_init_clock_1                    0x080001eb   Thumb Code     0  libinit2.o(.ARM.Collect$$libinit$$00000021)
    __rt_lib_init_cpp_1                      0x080001eb   Thumb Code     0  libinit2.o(.ARM.Collect$$libinit$$00000032)
    __rt_lib_init_exceptions_1               0x080001eb   Thumb Code     0  libinit2.o(.ARM.Collect$$libinit$$00000030)
    __rt_lib_init_fp_1                       0x080001eb   Thumb Code     0  libinit2.o(.ARM.Collect$$libinit$$00000002)
    __rt_lib_init_fp_trap_1                  0x080001eb   Thumb Code     0  libinit2.o(.ARM.Collect$$libinit$$0000001F)
    __rt_lib_init_getenv_1                   0x080001eb   Thumb Code     0  libinit2.o(.ARM.Collect$$libinit$$00000023)
    __rt_lib_init_heap_1                     0x080001eb   Thumb Code     0  libinit2.o(.ARM.Collect$$libinit$$0000000A)
    __rt_lib_init_lc_collate_1               0x080001eb   Thumb Code     0  libinit2.o(.ARM.Collect$$libinit$$00000011)
    __rt_lib_init_lc_ctype_1                 0x080001eb   Thumb Code     0  libinit2.o(.ARM.Collect$$libinit$$00000013)
    __rt_lib_init_lc_monetary_1              0x080001eb   Thumb Code     0  libinit2.o(.ARM.Collect$$libinit$$00000015)
    __rt_lib_init_lc_numeric_1               0x080001eb   Thumb Code     0  libinit2.o(.ARM.Collect$$libinit$$00000017)
    __rt_lib_init_lc_time_1                  0x080001eb   Thumb Code     0  libinit2.o(.ARM.Collect$$libinit$$00000019)
    __rt_lib_init_preinit_1                  0x080001eb   Thumb Code     0  libinit2.o(.ARM.Collect$$libinit$$00000004)
    __rt_lib_init_rand_1                     0x080001eb   Thumb Code     0  libinit2.o(.ARM.Collect$$libinit$$0000000E)
    __rt_lib_init_return                     0x080001eb   Thumb Code     0  libinit2.o(.ARM.Collect$$libinit$$00000033)
    __rt_lib_init_signal_1                   0x080001eb   Thumb Code     0  libinit2.o(.ARM.Collect$$libinit$$0000001D)
    __rt_lib_init_stdio_1                    0x080001eb   Thumb Code     0  libinit2.o(.ARM.Collect$$libinit$$00000025)
    __rt_lib_init_user_alloc_1               0x080001eb   Thumb Code     0  libinit2.o(.ARM.Collect$$libinit$$0000000C)
    __rt_lib_shutdown                        0x080001ed   Thumb Code     0  libshutdown.o(.ARM.Collect$$libshutdown$$00000000)
    __rt_lib_shutdown_cpp_1                  0x080001ef   Thumb Code     0  libshutdown2.o(.ARM.Collect$$libshutdown$$00000004)
    __rt_lib_shutdown_fini_1                 0x080001ef   Thumb Code     0  libshutdown2.o(.ARM.Collect$$libshutdown$$00000002)
    __rt_lib_shutdown_fp_trap_1              0x080001ef   Thumb Code     0  libshutdown2.o(.ARM.Collect$$libshutdown$$00000009)
    __rt_lib_shutdown_heap_1                 0x080001ef   Thumb Code     0  libshutdown2.o(.ARM.Collect$$libshutdown$$00000011)
    __rt_lib_shutdown_return                 0x080001ef   Thumb Code     0  libshutdown2.o(.ARM.Collect$$libshutdown$$00000012)
    __rt_lib_shutdown_signal_1               0x080001ef   Thumb Code     0  libshutdown2.o(.ARM.Collect$$libshutdown$$0000000C)
    __rt_lib_shutdown_stdio_1                0x080001ef   Thumb Code     0  libshutdown2.o(.ARM.Collect$$libshutdown$$00000006)
    __rt_lib_shutdown_user_alloc_1           0x080001ef   Thumb Code     0  libshutdown2.o(.ARM.Collect$$libshutdown$$0000000E)
    __rt_entry                               0x080001f1   Thumb Code     0  __rtentry.o(.ARM.Collect$$rtentry$$00000000)
    __rt_entry_presh_1                       0x080001f1   Thumb Code     0  __rtentry2.o(.ARM.Collect$$rtentry$$00000002)
    __rt_entry_sh                            0x080001f1   Thumb Code     0  __rtentry4.o(.ARM.Collect$$rtentry$$00000004)
    __rt_entry_li                            0x080001f7   Thumb Code     0  __rtentry2.o(.ARM.Collect$$rtentry$$0000000A)
    __rt_entry_postsh_1                      0x080001f7   Thumb Code     0  __rtentry2.o(.ARM.Collect$$rtentry$$00000009)
    __rt_entry_main                          0x080001fb   Thumb Code     0  __rtentry2.o(.ARM.Collect$$rtentry$$0000000D)
    __rt_entry_postli_1                      0x080001fb   Thumb Code     0  __rtentry2.o(.ARM.Collect$$rtentry$$0000000C)
    __rt_exit                                0x08000203   Thumb Code     0  rtexit.o(.ARM.Collect$$rtexit$$00000000)
    __rt_exit_ls                             0x08000205   Thumb Code     0  rtexit2.o(.ARM.Collect$$rtexit$$00000003)
    __rt_exit_prels_1                        0x08000205   Thumb Code     0  rtexit2.o(.ARM.Collect$$rtexit$$00000002)
    __rt_exit_exit                           0x08000209   Thumb Code     0  rtexit2.o(.ARM.Collect$$rtexit$$00000004)
    Reset_Handler                            0x08000211   Thumb Code     8  startup_stm32f10x_hd.o(.text)
    ADC1_2_IRQHandler                        0x0800022b   Thumb Code     0  startup_stm32f10x_hd.o(.text)
    ADC3_IRQHandler                          0x0800022b   Thumb Code     0  startup_stm32f10x_hd.o(.text)
    CAN1_RX1_IRQHandler                      0x0800022b   Thumb Code     0  startup_stm32f10x_hd.o(.text)
    CAN1_SCE_IRQHandler                      0x0800022b   Thumb Code     0  startup_stm32f10x_hd.o(.text)
    DMA1_Channel1_IRQHandler                 0x0800022b   Thumb Code     0  startup_stm32f10x_hd.o(.text)
    DMA1_Channel2_IRQHandler                 0x0800022b   Thumb Code     0  startup_stm32f10x_hd.o(.text)
    DMA1_Channel3_IRQHandler                 0x0800022b   Thumb Code     0  startup_stm32f10x_hd.o(.text)
    DMA1_Channel4_IRQHandler                 0x0800022b   Thumb Code     0  startup_stm32f10x_hd.o(.text)
    DMA1_Channel5_IRQHandler                 0x0800022b   Thumb Code     0  startup_stm32f10x_hd.o(.text)
    DMA1_Channel6_IRQHandler                 0x0800022b   Thumb Code     0  startup_stm32f10x_hd.o(.text)
    DMA1_Channel7_IRQHandler                 0x0800022b   Thumb Code     0  startup_stm32f10x_hd.o(.text)
    DMA2_Channel1_IRQHandler                 0x0800022b   Thumb Code     0  startup_stm32f10x_hd.o(.text)
    DMA2_Channel2_IRQHandler                 0x0800022b   Thumb Code     0  startup_stm32f10x_hd.o(.text)
    DMA2_Channel3_IRQHandler                 0x0800022b   Thumb Code     0  startup_stm32f10x_hd.o(.text)
    DMA2_Channel4_5_IRQHandler               0x0800022b   Thumb Code     0  startup_stm32f10x_hd.o(.text)
    EXTI0_IRQHandler                         0x0800022b   Thumb Code     0  startup_stm32f10x_hd.o(.text)
    EXTI15_10_IRQHandler                     0x0800022b   Thumb Code     0  startup_stm32f10x_hd.o(.text)
    EXTI1_IRQHandler                         0x0800022b   Thumb Code     0  startup_stm32f10x_hd.o(.text)
    EXTI2_IRQHandler                         0x0800022b   Thumb Code     0  startup_stm32f10x_hd.o(.text)
    EXTI3_IRQHandler                         0x0800022b   Thumb Code     0  startup_stm32f10x_hd.o(.text)
    EXTI4_IRQHandler                         0x0800022b   Thumb Code     0  startup_stm32f10x_hd.o(.text)
    EXTI9_5_IRQHandler                       0x0800022b   Thumb Code     0  startup_stm32f10x_hd.o(.text)
    FLASH_IRQHandler                         0x0800022b   Thumb Code     0  startup_stm32f10x_hd.o(.text)
    FSMC_IRQHandler                          0x0800022b   Thumb Code     0  startup_stm32f10x_hd.o(.text)
    I2C1_ER_IRQHandler                       0x0800022b   Thumb Code     0  startup_stm32f10x_hd.o(.text)
    I2C1_EV_IRQHandler                       0x0800022b   Thumb Code     0  startup_stm32f10x_hd.o(.text)
    I2C2_ER_IRQHandler                       0x0800022b   Thumb Code     0  startup_stm32f10x_hd.o(.text)
    I2C2_EV_IRQHandler                       0x0800022b   Thumb Code     0  startup_stm32f10x_hd.o(.text)
    PVD_IRQHandler                           0x0800022b   Thumb Code     0  startup_stm32f10x_hd.o(.text)
    RCC_IRQHandler                           0x0800022b   Thumb Code     0  startup_stm32f10x_hd.o(.text)
    RTCAlarm_IRQHandler                      0x0800022b   Thumb Code     0  startup_stm32f10x_hd.o(.text)
    RTC_IRQHandler                           0x0800022b   Thumb Code     0  startup_stm32f10x_hd.o(.text)
    SDIO_IRQHandler                          0x0800022b   Thumb Code     0  startup_stm32f10x_hd.o(.text)
    SPI1_IRQHandler                          0x0800022b   Thumb Code     0  startup_stm32f10x_hd.o(.text)
    SPI2_IRQHandler                          0x0800022b   Thumb Code     0  startup_stm32f10x_hd.o(.text)
    SPI3_IRQHandler                          0x0800022b   Thumb Code     0  startup_stm32f10x_hd.o(.text)
    TAMPER_IRQHandler                        0x0800022b   Thumb Code     0  startup_stm32f10x_hd.o(.text)
    TIM1_BRK_IRQHandler                      0x0800022b   Thumb Code     0  startup_stm32f10x_hd.o(.text)
    TIM1_CC_IRQHandler                       0x0800022b   Thumb Code     0  startup_stm32f10x_hd.o(.text)
    TIM1_TRG_COM_IRQHandler                  0x0800022b   Thumb Code     0  startup_stm32f10x_hd.o(.text)
    TIM1_UP_IRQHandler                       0x0800022b   Thumb Code     0  startup_stm32f10x_hd.o(.text)
    TIM2_IRQHandler                          0x0800022b   Thumb Code     0  startup_stm32f10x_hd.o(.text)
    TIM3_IRQHandler                          0x0800022b   Thumb Code     0  startup_stm32f10x_hd.o(.text)
    TIM4_IRQHandler                          0x0800022b   Thumb Code     0  startup_stm32f10x_hd.o(.text)
    TIM5_IRQHandler                          0x0800022b   Thumb Code     0  startup_stm32f10x_hd.o(.text)
    TIM6_IRQHandler                          0x0800022b   Thumb Code     0  startup_stm32f10x_hd.o(.text)
    TIM7_IRQHandler                          0x0800022b   Thumb Code     0  startup_stm32f10x_hd.o(.text)
    TIM8_BRK_IRQHandler                      0x0800022b   Thumb Code     0  startup_stm32f10x_hd.o(.text)
    TIM8_CC_IRQHandler                       0x0800022b   Thumb Code     0  startup_stm32f10x_hd.o(.text)
    TIM8_TRG_COM_IRQHandler                  0x0800022b   Thumb Code     0  startup_stm32f10x_hd.o(.text)
    TIM8_UP_IRQHandler                       0x0800022b   Thumb Code     0  startup_stm32f10x_hd.o(.text)
    UART4_IRQHandler                         0x0800022b   Thumb Code     0  startup_stm32f10x_hd.o(.text)
    UART5_IRQHandler                         0x0800022b   Thumb Code     0  startup_stm32f10x_hd.o(.text)
    USART1_IRQHandler                        0x0800022b   Thumb Code     0  startup_stm32f10x_hd.o(.text)
    USART3_IRQHandler                        0x0800022b   Thumb Code     0  startup_stm32f10x_hd.o(.text)
    USBWakeUp_IRQHandler                     0x0800022b   Thumb Code     0  startup_stm32f10x_hd.o(.text)
    USB_HP_CAN1_TX_IRQHandler                0x0800022b   Thumb Code     0  startup_stm32f10x_hd.o(.text)
    USB_LP_CAN1_RX0_IRQHandler               0x0800022b   Thumb Code     0  startup_stm32f10x_hd.o(.text)
    WWDG_IRQHandler                          0x0800022b   Thumb Code     0  startup_stm32f10x_hd.o(.text)
    __user_initial_stackheap                 0x0800022d   Thumb Code     0  startup_stm32f10x_hd.o(.text)
    __use_no_semihosting                     0x08000251   Thumb Code     2  use_no_semi_2.o(.text)
    __2printf                                0x08000255   Thumb Code    20  noretval__2printf.o(.text)
    __printf                                 0x0800026d   Thumb Code   104  __printf.o(.text)
    strstr                                   0x080002d5   Thumb Code    36  strstr.o(.text)
    __use_two_region_memory                  0x080002f9   Thumb Code     2  heapauxi.o(.text)
    __rt_heap_escrow$2region                 0x080002fb   Thumb Code     2  heapauxi.o(.text)
    __rt_heap_expand$2region                 0x080002fd   Thumb Code     2  heapauxi.o(.text)
    __I$use$semihosting                      0x080002ff   Thumb Code     0  use_no_semi.o(.text)
    __use_no_semihosting_swi                 0x080002ff   Thumb Code     2  use_no_semi.o(.text)
    _printf_char_common                      0x0800030b   Thumb Code    32  _printf_char_common.o(.text)
    _printf_char_file                        0x08000331   Thumb Code    32  _printf_char_file.o(.text)
    ferror                                   0x08000355   Thumb Code     8  ferror.o(.text)
    __user_setup_stackheap                   0x0800035d   Thumb Code    74  sys_stackheap_outer.o(.text)
    exit                                     0x080003a7   Thumb Code    18  exit.o(.text)
    __user_libspace                          0x080003b9   Thumb Code     8  libspace.o(.text)
    __user_perproc_libspace                  0x080003b9   Thumb Code     0  libspace.o(.text)
    __user_perthread_libspace                0x080003b9   Thumb Code     0  libspace.o(.text)
    ADC_Cmd                                  0x080003c1   Thumb Code    22  stm32f10x_adc.o(i.ADC_Cmd)
    ADC_DeInit                               0x080003d9   Thumb Code    78  stm32f10x_adc.o(i.ADC_DeInit)
    ADC_GetCalibrationStatus                 0x08000435   Thumb Code    20  stm32f10x_adc.o(i.ADC_GetCalibrationStatus)
    ADC_GetResetCalibrationStatus            0x08000449   Thumb Code    20  stm32f10x_adc.o(i.ADC_GetResetCalibrationStatus)
    ADC_Init                                 0x0800045d   Thumb Code    70  stm32f10x_adc.o(i.ADC_Init)
    ADC_ResetCalibration                     0x080004ad   Thumb Code    10  stm32f10x_adc.o(i.ADC_ResetCalibration)
    ADC_SoftwareStartConvCmd                 0x080004b7   Thumb Code    22  stm32f10x_adc.o(i.ADC_SoftwareStartConvCmd)
    ADC_StartCalibration                     0x080004cd   Thumb Code    10  stm32f10x_adc.o(i.ADC_StartCalibration)
    BC25_CGATT                               0x080004d9   Thumb Code    92  bc25.o(i.BC25_CGATT)
    BC25_CGPADDR                             0x08000555   Thumb Code    98  bc25.o(i.BC25_CGPADDR)
    BC25_CIMI                                0x080005e9   Thumb Code   124  bc25.o(i.BC25_CIMI)
    BC25_CPSMS                               0x08000685   Thumb Code    86  bc25.o(i.BC25_CPSMS)
    BC25_GPIO_INIT                           0x080006f9   Thumb Code    76  bc25.o(i.BC25_GPIO_INIT)
    BC25_INIT                                0x08000749   Thumb Code   132  bc25.o(i.BC25_INIT)
    BC25_NNMI                                0x08000821   Thumb Code    92  bc25.o(i.BC25_NNMI)
    BC25_QSCLK                               0x08000895   Thumb Code    82  bc25.o(i.BC25_QSCLK)
    BusFault_Handler                         0x08000905   Thumb Code     4  stm32f10x_it.o(i.BusFault_Handler)
    DHT11_Check                              0x0800097d   Thumb Code    90  dht11.o(i.DHT11_Check)
    DHT11_Rest                               0x080009e1   Thumb Code    52  dht11.o(i.DHT11_Rest)
    DHT11_init                               0x08000a21   Thumb Code    46  dht11.o(i.DHT11_init)
    DebugMon_Handler                         0x08000a55   Thumb Code     2  stm32f10x_it.o(i.DebugMon_Handler)
    DelayUs                                  0x08000a57   Thumb Code    24  vl53l1x_i2c.o(i.DelayUs)
    GPIO_Init                                0x08000a6f   Thumb Code   278  stm32f10x_gpio.o(i.GPIO_Init)
    GPIO_Init_LEDs                           0x08000b85   Thumb Code    64  main.o(i.GPIO_Init_LEDs)
    GPIO_PinRemapConfig                      0x08000bcd   Thumb Code   138  stm32f10x_gpio.o(i.GPIO_PinRemapConfig)
    GPIO_ResetBits                           0x08000c5d   Thumb Code     4  stm32f10x_gpio.o(i.GPIO_ResetBits)
    GPIO_SetBits                             0x08000c61   Thumb Code     4  stm32f10x_gpio.o(i.GPIO_SetBits)
    HardFault_Handler                        0x08000c65   Thumb Code     4  stm32f10x_it.o(i.HardFault_Handler)
    I2C_Start                                0x08000c69   Thumb Code    44  oled.o(i.I2C_Start)
    I2C_Stop                                 0x08000c99   Thumb Code    34  oled.o(i.I2C_Stop)
    I2C_WaitAck                              0x08000cc1   Thumb Code    24  oled.o(i.I2C_WaitAck)
    MQ_Init                                  0x08000cdd   Thumb Code   148  mq.o(i.MQ_Init)
    MemManage_Handler                        0x08000d79   Thumb Code     4  stm32f10x_it.o(i.MemManage_Handler)
    NB_RST                                   0x08000d7d   Thumb Code    26  bc25.o(i.NB_RST)
    NMI_Handler                              0x08000da1   Thumb Code     2  stm32f10x_it.o(i.NMI_Handler)
    NVIC_Init                                0x08000da5   Thumb Code   100  misc.o(i.NVIC_Init)
    NVIC_PriorityGroupConfig                 0x08000e15   Thumb Code    10  misc.o(i.NVIC_PriorityGroupConfig)
    OLED_Clear                               0x08000e29   Thumb Code    42  oled.o(i.OLED_Clear)
    OLED_ClearPoint                          0x08000e59   Thumb Code    90  oled.o(i.OLED_ClearPoint)
    OLED_DrawPoint                           0x08000eb9   Thumb Code    54  oled.o(i.OLED_DrawPoint)
    OLED_Init                                0x08000ef5   Thumb Code   284  oled.o(i.OLED_Init)
    OLED_Refresh                             0x08001015   Thumb Code    70  oled.o(i.OLED_Refresh)
    OLED_ShowChar                            0x08001061   Thumb Code   240  oled.o(i.OLED_ShowChar)
    OLED_ShowChinese                         0x0800115d   Thumb Code   248  oled.o(i.OLED_ShowChinese)
    OLED_ShowString                          0x08001265   Thumb Code    66  oled.o(i.OLED_ShowString)
    OLED_WR_Byte                             0x080012a7   Thumb Code    56  oled.o(i.OLED_WR_Byte)
    PendSV_Handler                           0x080012df   Thumb Code     2  stm32f10x_it.o(i.PendSV_Handler)
    RCC_ADCCLKConfig                         0x080012e1   Thumb Code    18  stm32f10x_rcc.o(i.RCC_ADCCLKConfig)
    RCC_APB1PeriphClockCmd                   0x080012f9   Thumb Code    26  stm32f10x_rcc.o(i.RCC_APB1PeriphClockCmd)
    RCC_APB1PeriphResetCmd                   0x08001319   Thumb Code    26  stm32f10x_rcc.o(i.RCC_APB1PeriphResetCmd)
    RCC_APB2PeriphClockCmd                   0x08001339   Thumb Code    26  stm32f10x_rcc.o(i.RCC_APB2PeriphClockCmd)
    RCC_APB2PeriphResetCmd                   0x08001359   Thumb Code    26  stm32f10x_rcc.o(i.RCC_APB2PeriphResetCmd)
    RCC_GetClocksFreq                        0x08001379   Thumb Code   192  stm32f10x_rcc.o(i.RCC_GetClocksFreq)
    SVC_Handler                              0x0800144d   Thumb Code     2  stm32f10x_it.o(i.SVC_Handler)
    Send_Byte                                0x08001451   Thumb Code    80  oled.o(i.Send_Byte)
    SysTick_CLKSourceConfig                  0x08001641   Thumb Code    40  misc.o(i.SysTick_CLKSourceConfig)
    SysTick_Handler                          0x08001669   Thumb Code     2  stm32f10x_it.o(i.SysTick_Handler)
    SystemInit                               0x0800166d   Thumb Code    78  system_stm32f10x.o(i.SystemInit)
    USART2_IRQHandler                        0x080016cd   Thumb Code    66  usart.o(i.USART2_IRQHandler)
    USART_Cmd                                0x08001721   Thumb Code    24  stm32f10x_usart.o(i.USART_Cmd)
    USART_DeInit                             0x08001739   Thumb Code   134  stm32f10x_usart.o(i.USART_DeInit)
    USART_GetITStatus                        0x080017d5   Thumb Code    84  stm32f10x_usart.o(i.USART_GetITStatus)
    USART_ITConfig                           0x08001829   Thumb Code    74  stm32f10x_usart.o(i.USART_ITConfig)
    USART_Init                               0x08001875   Thumb Code   210  stm32f10x_usart.o(i.USART_Init)
    USART_ReceiveData                        0x0800194d   Thumb Code    10  stm32f10x_usart.o(i.USART_ReceiveData)
    USART_SendData                           0x08001957   Thumb Code     8  stm32f10x_usart.o(i.USART_SendData)
    UsageFault_Handler                       0x0800195f   Thumb Code     4  stm32f10x_it.o(i.UsageFault_Handler)
    VL53L1_DataInit                          0x08001963   Thumb Code   100  vl53l1_api.o(i.VL53L1_DataInit)
    VL53L1_GetInterMeasurementPeriodMilliSeconds 0x080019c7   Thumb Code    44  vl53l1_api.o(i.VL53L1_GetInterMeasurementPeriodMilliSeconds)
    VL53L1_GetMeasurementTimingBudgetMicroSeconds 0x080019f3   Thumb Code   244  vl53l1_api.o(i.VL53L1_GetMeasurementTimingBudgetMicroSeconds)
    VL53L1_GetSequenceStepEnable             0x08001ae7   Thumb Code    30  vl53l1_api.o(i.VL53L1_GetSequenceStepEnable)
    VL53L1_I2C_Init                          0x08001b05   Thumb Code    54  vl53l1x_i2c.o(i.VL53L1_I2C_Init)
    VL53L1_PerformRefSpadManagement          0x08001b45   Thumb Code   154  vl53l1_api.o(i.VL53L1_PerformRefSpadManagement)
    VL53L1_RdByte                            0x08001be5   Thumb Code    32  vl53l1_platform.o(i.VL53L1_RdByte)
    VL53L1_RdWord                            0x08001c05   Thumb Code    32  vl53l1_platform.o(i.VL53L1_RdWord)
    VL53L1_ReadMulti                         0x08001c25   Thumb Code    40  vl53l1_platform.o(i.VL53L1_ReadMulti)
    VL53L1_SetDeviceAddress                  0x08001c4d   Thumb Code    36  vl53l1_api.o(i.VL53L1_SetDeviceAddress)
    VL53L1_SetDistanceMode                   0x08001c71   Thumb Code   150  vl53l1_api.o(i.VL53L1_SetDistanceMode)
    VL53L1_SetInterMeasurementPeriodMilliSeconds 0x08001d07   Thumb Code    40  vl53l1_api.o(i.VL53L1_SetInterMeasurementPeriodMilliSeconds)
    VL53L1_SetLimitCheckEnable               0x08001d2f   Thumb Code    72  vl53l1_api.o(i.VL53L1_SetLimitCheckEnable)
    VL53L1_SetLimitCheckValue                0x08001d77   Thumb Code    70  vl53l1_api.o(i.VL53L1_SetLimitCheckValue)
    VL53L1_SetMeasurementTimingBudgetMicroSeconds 0x08001dbd   Thumb Code   288  vl53l1_api.o(i.VL53L1_SetMeasurementTimingBudgetMicroSeconds)
    VL53L1_SetPresetMode                     0x08001ee5   Thumb Code    98  vl53l1_api.o(i.VL53L1_SetPresetMode)
    VL53L1_StartMeasurement                  0x08001f47   Thumb Code   160  vl53l1_api.o(i.VL53L1_StartMeasurement)
    VL53L1_StaticInit                        0x08001fe7   Thumb Code    46  vl53l1_api.o(i.VL53L1_StaticInit)
    VL53L1_WaitDeviceBooted                  0x08002015   Thumb Code    22  vl53l1_api.o(i.VL53L1_WaitDeviceBooted)
    VL53L1_WaitMs                            0x0800202b   Thumb Code    16  vl53l1_platform.o(i.VL53L1_WaitMs)
    VL53L1_WaitUs                            0x0800203b   Thumb Code    16  vl53l1_platform.o(i.VL53L1_WaitUs)
    VL53L1_WaitValueMaskEx                   0x0800204b   Thumb Code   106  vl53l1_platform.o(i.VL53L1_WaitValueMaskEx)
    VL53L1_WrByte                            0x080020b5   Thumb Code    32  vl53l1_platform.o(i.VL53L1_WrByte)
    VL53L1_WrWord                            0x080020d5   Thumb Code    32  vl53l1_platform.o(i.VL53L1_WrWord)
    VL53L1_WriteMulti                        0x080020f5   Thumb Code    40  vl53l1_platform.o(i.VL53L1_WriteMulti)
    VL53L1_addr_set                          0x0800211d   Thumb Code    90  vl53l1x.o(i.VL53L1_addr_set)
    VL53L1_calc_decoded_timeout_us           0x08002177   Thumb Code    32  vl53l1_core.o(i.VL53L1_calc_decoded_timeout_us)
    VL53L1_calc_encoded_timeout              0x08002197   Thumb Code    32  vl53l1_core.o(i.VL53L1_calc_encoded_timeout)
    VL53L1_calc_macro_period_us              0x080021b7   Thumb Code    50  vl53l1_core.o(i.VL53L1_calc_macro_period_us)
    VL53L1_calc_pll_period_us                0x080021e9   Thumb Code    14  vl53l1_core_support.o(i.VL53L1_calc_pll_period_us)
    VL53L1_calc_range_ignore_threshold       0x080021f7   Thumb Code   104  vl53l1_core.o(i.VL53L1_calc_range_ignore_threshold)
    VL53L1_calc_timeout_mclks                0x0800225f   Thumb Code    16  vl53l1_core.o(i.VL53L1_calc_timeout_mclks)
    VL53L1_calc_timeout_register_values      0x0800226f   Thumb Code   150  vl53l1_core.o(i.VL53L1_calc_timeout_register_values)
    VL53L1_calc_timeout_us                   0x08002305   Thumb Code    38  vl53l1_core.o(i.VL53L1_calc_timeout_us)
    VL53L1_clear_interrupt                   0x0800232b   Thumb Code    32  vl53l1_core.o(i.VL53L1_clear_interrupt)
    VL53L1_config_low_power_auto_mode        0x0800234b   Thumb Code    30  vl53l1_core.o(i.VL53L1_config_low_power_auto_mode)
    VL53L1_copy_rtn_good_spads_to_buffer     0x08002369   Thumb Code   134  vl53l1_core.o(i.VL53L1_copy_rtn_good_spads_to_buffer)
    VL53L1_data_init                         0x080023ef   Thumb Code   198  vl53l1_api_core.o(i.VL53L1_data_init)
    VL53L1_decode_row_col                    0x080024b5   Thumb Code    46  vl53l1_core_support.o(i.VL53L1_decode_row_col)
    VL53L1_decode_timeout                    0x080024e3   Thumb Code    14  vl53l1_core.o(i.VL53L1_decode_timeout)
    VL53L1_decode_vcsel_period               0x080024f1   Thumb Code    12  vl53l1_core_support.o(i.VL53L1_decode_vcsel_period)
    VL53L1_decode_zone_size                  0x080024fd   Thumb Code    12  vl53l1_core.o(i.VL53L1_decode_zone_size)
    VL53L1_disable_firmware                  0x08002509   Thumb Code    20  vl53l1_core.o(i.VL53L1_disable_firmware)
    VL53L1_disable_powerforce                0x0800251d   Thumb Code    20  vl53l1_core.o(i.VL53L1_disable_powerforce)
    VL53L1_enable_firmware                   0x08002531   Thumb Code    20  vl53l1_core.o(i.VL53L1_enable_firmware)
    VL53L1_enable_powerforce                 0x08002545   Thumb Code    20  vl53l1_core.o(i.VL53L1_enable_powerforce)
    VL53L1_encode_row_col                    0x08002559   Thumb Code    34  vl53l1_core.o(i.VL53L1_encode_row_col)
    VL53L1_encode_timeout                    0x0800257b   Thumb Code    40  vl53l1_core.o(i.VL53L1_encode_timeout)
    VL53L1_encode_zone_size                  0x080025a3   Thumb Code     8  vl53l1_core.o(i.VL53L1_encode_zone_size)
    VL53L1_get_customer_nvm_managed          0x080025ab   Thumb Code    46  vl53l1_register_funcs.o(i.VL53L1_get_customer_nvm_managed)
    VL53L1_get_inter_measurement_period_ms   0x080025d9   Thumb Code    44  vl53l1_api_core.o(i.VL53L1_get_inter_measurement_period_ms)
    VL53L1_get_mode_mitigation_roi           0x08002605   Thumb Code    66  vl53l1_api_core.o(i.VL53L1_get_mode_mitigation_roi)
    VL53L1_get_nvm_copy_data                 0x08002647   Thumb Code    48  vl53l1_register_funcs.o(i.VL53L1_get_nvm_copy_data)
    VL53L1_get_preset_mode_timing_cfg        0x08002677   Thumb Code   202  vl53l1_api_core.o(i.VL53L1_get_preset_mode_timing_cfg)
    VL53L1_get_sequence_config_bit           0x08002741   Thumb Code    52  vl53l1_api_core.o(i.VL53L1_get_sequence_config_bit)
    VL53L1_get_static_nvm_managed            0x08002775   Thumb Code    42  vl53l1_register_funcs.o(i.VL53L1_get_static_nvm_managed)
    VL53L1_get_timeouts_us                   0x0800279f   Thumb Code   152  vl53l1_api_core.o(i.VL53L1_get_timeouts_us)
    VL53L1_get_tuning_parm                   0x08002837   Thumb Code   606  vl53l1_api_core.o(i.VL53L1_get_tuning_parm)
    VL53L1_get_user_zone                     0x08002a95   Thumb Code    46  vl53l1_api_core.o(i.VL53L1_get_user_zone)
    VL53L1_i2c_decode_customer_nvm_managed   0x08002ac3   Thumb Code   164  vl53l1_register_funcs.o(i.VL53L1_i2c_decode_customer_nvm_managed)
    VL53L1_i2c_decode_int16_t                0x08002b67   Thumb Code    38  vl53l1_core.o(i.VL53L1_i2c_decode_int16_t)
    VL53L1_i2c_decode_nvm_copy_data          0x08002b8d   Thumb Code   322  vl53l1_register_funcs.o(i.VL53L1_i2c_decode_nvm_copy_data)
    VL53L1_i2c_decode_static_nvm_managed     0x08002ccf   Thumb Code    98  vl53l1_register_funcs.o(i.VL53L1_i2c_decode_static_nvm_managed)
    VL53L1_i2c_decode_uint16_t               0x08002d31   Thumb Code    30  vl53l1_core.o(i.VL53L1_i2c_decode_uint16_t)
    VL53L1_i2c_encode_customer_nvm_managed   0x08002d4f   Thumb Code   172  vl53l1_register_funcs.o(i.VL53L1_i2c_encode_customer_nvm_managed)
    VL53L1_i2c_encode_dynamic_config         0x08002dfb   Thumb Code   140  vl53l1_register_funcs.o(i.VL53L1_i2c_encode_dynamic_config)
    VL53L1_i2c_encode_general_config         0x08002e87   Thumb Code   146  vl53l1_register_funcs.o(i.VL53L1_i2c_encode_general_config)
    VL53L1_i2c_encode_int16_t                0x08002f19   Thumb Code    32  vl53l1_core.o(i.VL53L1_i2c_encode_int16_t)
    VL53L1_i2c_encode_static_config          0x08002f39   Thumb Code   230  vl53l1_register_funcs.o(i.VL53L1_i2c_encode_static_config)
    VL53L1_i2c_encode_static_nvm_managed     0x0800301f   Thumb Code    98  vl53l1_register_funcs.o(i.VL53L1_i2c_encode_static_nvm_managed)
    VL53L1_i2c_encode_system_control         0x08003081   Thumb Code    56  vl53l1_register_funcs.o(i.VL53L1_i2c_encode_system_control)
    VL53L1_i2c_encode_timing_config          0x080030b9   Thumb Code   144  vl53l1_register_funcs.o(i.VL53L1_i2c_encode_timing_config)
    VL53L1_i2c_encode_uint16_t               0x08003149   Thumb Code    32  vl53l1_core.o(i.VL53L1_i2c_encode_uint16_t)
    VL53L1_i2c_encode_uint32_t               0x08003169   Thumb Code    32  vl53l1_core.o(i.VL53L1_i2c_encode_uint32_t)
    VL53L1_init                              0x08003189   Thumb Code   194  vl53l1x.o(i.VL53L1_init)
    VL53L1_init_and_start_range              0x080032c9   Thumb Code   628  vl53l1_api_core.o(i.VL53L1_init_and_start_range)
    VL53L1_init_ll_driver_state              0x0800353d   Thumb Code    38  vl53l1_core.o(i.VL53L1_init_ll_driver_state)
    VL53L1_init_offset_cal_config_struct     0x08003563   Thumb Code    38  vl53l1_api_preset_modes.o(i.VL53L1_init_offset_cal_config_struct)
    VL53L1_init_refspadchar_config_struct    0x08003589   Thumb Code    34  vl53l1_api_preset_modes.o(i.VL53L1_init_refspadchar_config_struct)
    VL53L1_init_ssc_config_struct            0x080035ab   Thumb Code    32  vl53l1_api_preset_modes.o(i.VL53L1_init_ssc_config_struct)
    VL53L1_init_tuning_parm_storage_struct   0x080035cb   Thumb Code   164  vl53l1_api_preset_modes.o(i.VL53L1_init_tuning_parm_storage_struct)
    VL53L1_init_version                      0x0800366f   Thumb Code    28  vl53l1_core.o(i.VL53L1_init_version)
    VL53L1_init_xtalk_config_struct          0x0800368b   Thumb Code   102  vl53l1_api_preset_modes.o(i.VL53L1_init_xtalk_config_struct)
    VL53L1_is_new_data_ready                 0x080036f1   Thumb Code    84  vl53l1_wait.o(i.VL53L1_is_new_data_ready)
    VL53L1_low_power_auto_data_init          0x08003745   Thumb Code    52  vl53l1_core.o(i.VL53L1_low_power_auto_data_init)
    VL53L1_poll_for_boot_completion          0x080038ab   Thumb Code    56  vl53l1_wait.o(i.VL53L1_poll_for_boot_completion)
    VL53L1_poll_for_range_completion         0x080038e3   Thumb Code    66  vl53l1_wait.o(i.VL53L1_poll_for_range_completion)
    VL53L1_preset_mode_low_power_auto_long_ranging 0x08003925   Thumb Code    60  vl53l1_api_preset_modes.o(i.VL53L1_preset_mode_low_power_auto_long_ranging)
    VL53L1_preset_mode_low_power_auto_ranging 0x08003961   Thumb Code    60  vl53l1_api_preset_modes.o(i.VL53L1_preset_mode_low_power_auto_ranging)
    VL53L1_preset_mode_low_power_auto_short_ranging 0x0800399d   Thumb Code    60  vl53l1_api_preset_modes.o(i.VL53L1_preset_mode_low_power_auto_short_ranging)
    VL53L1_preset_mode_olt                   0x080039d9   Thumb Code    48  vl53l1_api_preset_modes.o(i.VL53L1_preset_mode_olt)
    VL53L1_preset_mode_singleshot_ranging    0x08003a09   Thumb Code    78  vl53l1_api_preset_modes.o(i.VL53L1_preset_mode_singleshot_ranging)
    VL53L1_preset_mode_standard_ranging      0x08003a57   Thumb Code   314  vl53l1_api_preset_modes.o(i.VL53L1_preset_mode_standard_ranging)
    VL53L1_preset_mode_standard_ranging_long_range 0x08003b91   Thumb Code    84  vl53l1_api_preset_modes.o(i.VL53L1_preset_mode_standard_ranging_long_range)
    VL53L1_preset_mode_standard_ranging_mm1_cal 0x08003be5   Thumb Code    52  vl53l1_api_preset_modes.o(i.VL53L1_preset_mode_standard_ranging_mm1_cal)
    VL53L1_preset_mode_standard_ranging_mm2_cal 0x08003c19   Thumb Code    52  vl53l1_api_preset_modes.o(i.VL53L1_preset_mode_standard_ranging_mm2_cal)
    VL53L1_preset_mode_standard_ranging_short_range 0x08003c4d   Thumb Code    84  vl53l1_api_preset_modes.o(i.VL53L1_preset_mode_standard_ranging_short_range)
    VL53L1_preset_mode_timed_ranging         0x08003ca1   Thumb Code    84  vl53l1_api_preset_modes.o(i.VL53L1_preset_mode_timed_ranging)
    VL53L1_preset_mode_timed_ranging_long_range 0x08003cf5   Thumb Code    84  vl53l1_api_preset_modes.o(i.VL53L1_preset_mode_timed_ranging_long_range)
    VL53L1_preset_mode_timed_ranging_short_range 0x08003d49   Thumb Code    86  vl53l1_api_preset_modes.o(i.VL53L1_preset_mode_timed_ranging_short_range)
    VL53L1_read_byte                         0x08003d9f   Thumb Code    32  vl53l1x_i2c.o(i.VL53L1_read_byte)
    VL53L1_read_multi                        0x08003dbf   Thumb Code    40  vl53l1x_i2c.o(i.VL53L1_read_multi)
    VL53L1_read_p2p_data                     0x08003e23   Thumb Code   156  vl53l1_api_core.o(i.VL53L1_read_p2p_data)
    VL53L1_read_word                         0x08003ebf   Thumb Code    42  vl53l1x_i2c.o(i.VL53L1_read_word)
    VL53L1_run_device_test                   0x08003ee9   Thumb Code   146  vl53l1_api_calibration.o(i.VL53L1_run_device_test)
    VL53L1_run_ref_spad_char                 0x08003f7b   Thumb Code   290  vl53l1_api_calibration.o(i.VL53L1_run_ref_spad_char)
    VL53L1_set_firmware_enable_register      0x0800409d   Thumb Code    36  vl53l1_core.o(i.VL53L1_set_firmware_enable_register)
    VL53L1_set_inter_measurement_period_ms   0x080040c1   Thumb Code    42  vl53l1_api_core.o(i.VL53L1_set_inter_measurement_period_ms)
    VL53L1_set_lite_min_count_rate           0x080040eb   Thumb Code    16  vl53l1_api_core.o(i.VL53L1_set_lite_min_count_rate)
    VL53L1_set_lite_sigma_threshold          0x080040fb   Thumb Code    16  vl53l1_api_core.o(i.VL53L1_set_lite_sigma_threshold)
    VL53L1_set_mode                          0x0800410d   Thumb Code   258  vl53l1x.o(i.VL53L1_set_mode)
    VL53L1_set_powerforce_register           0x08004275   Thumb Code    36  vl53l1_core.o(i.VL53L1_set_powerforce_register)
    VL53L1_set_preset_mode                   0x08004299   Thumb Code   474  vl53l1_api_core.o(i.VL53L1_set_preset_mode)
    VL53L1_set_ref_spad_char_config          0x08004473   Thumb Code   190  vl53l1_core.o(i.VL53L1_set_ref_spad_char_config)
    VL53L1_set_timeouts_us                   0x08004531   Thumb Code    80  vl53l1_api_core.o(i.VL53L1_set_timeouts_us)
    VL53L1_set_user_zone                     0x08004581   Thumb Code    42  vl53l1_api_core.o(i.VL53L1_set_user_zone)
    VL53L1_set_vhv_loopbound                 0x080045ab   Thumb Code    32  vl53l1_api_core.o(i.VL53L1_set_vhv_loopbound)
    VL53L1_start_test                        0x080045cb   Thumb Code    26  vl53l1_core.o(i.VL53L1_start_test)
    VL53L1_update_ll_driver_cfg_state        0x080045e5   Thumb Code   130  vl53l1_core.o(i.VL53L1_update_ll_driver_cfg_state)
    VL53L1_update_ll_driver_rd_state         0x08004667   Thumb Code   172  vl53l1_core.o(i.VL53L1_update_ll_driver_rd_state)
    VL53L1_wait_for_test_completion          0x08004713   Thumb Code    72  vl53l1_wait.o(i.VL53L1_wait_for_test_completion)
    VL53L1_write_byte                        0x0800475b   Thumb Code    26  vl53l1x_i2c.o(i.VL53L1_write_byte)
    VL53L1_write_multi                       0x08004775   Thumb Code    40  vl53l1x_i2c.o(i.VL53L1_write_multi)
    VL53L1_write_word                        0x0800479d   Thumb Code    84  vl53l1x_i2c.o(i.VL53L1_write_word)
    VL53l1_GPIO_Init                         0x080047f1   Thumb Code    40  vl53l1x.o(i.VL53l1_GPIO_Init)
    VL_I2C_Read_nByte                        0x0800481d   Thumb Code   120  vl53l1x_i2c.o(i.VL_I2C_Read_nByte)
    VL_I2C_Write_nByte                       0x08004895   Thumb Code    90  vl53l1x_i2c.o(i.VL_I2C_Write_nByte)
    VL_IIC_Ack                               0x080048f1   Thumb Code    66  vl53l1x_i2c.o(i.VL_IIC_Ack)
    VL_IIC_NAck                              0x08004941   Thumb Code    66  vl53l1x_i2c.o(i.VL_IIC_NAck)
    VL_IIC_Read_Byte                         0x08004991   Thumb Code   112  vl53l1x_i2c.o(i.VL_IIC_Read_Byte)
    VL_IIC_Send_Byte                         0x08004a0d   Thumb Code   104  vl53l1x_i2c.o(i.VL_IIC_Send_Byte)
    VL_IIC_Start                             0x08004a81   Thumb Code    64  vl53l1x_i2c.o(i.VL_IIC_Start)
    VL_IIC_Stop                              0x08004acd   Thumb Code    62  vl53l1x_i2c.o(i.VL_IIC_Stop)
    VL_IIC_Wait_Ack                          0x08004b19   Thumb Code    86  vl53l1x_i2c.o(i.VL_IIC_Wait_Ack)
    _sys_exit                                0x08004b7d   Thumb Code     4  usart.o(i._sys_exit)
    delay_init                               0x08004b81   Thumb Code    50  delay.o(i.delay_init)
    delay_ms                                 0x08004bc5   Thumb Code    72  delay.o(i.delay_ms)
    delay_us                                 0x08004c11   Thumb Code    72  delay.o(i.delay_us)
    fputc                                    0x08004c5d   Thumb Code    24  usart.o(i.fputc)
    main                                     0x08004c79   Thumb Code   284  main.o(i.main)
    uart_init                                0x08004dc9   Thumb Code   164  usart.o(i.uart_init)
    uart_init_2                              0x08004e75   Thumb Code   162  usart.o(i.uart_init_2)
    asc2_1206                                0x08004f20   Data        1140  oled.o(.constdata)
    asc2_1608                                0x08005394   Data        1520  oled.o(.constdata)
    asc2_2412                                0x08005984   Data        3420  oled.o(.constdata)
    Region$$Table$$Base                      0x080066e0   Number         0  anon$$obj.o(Region$$Table)
    Region$$Table$$Limit                     0x08006700   Number         0  anon$$obj.o(Region$$Table)
    __stdout                                 0x20000018   Data           4  usart.o(.data)
    USART_RX_STA                             0x2000001c   Data           2  usart.o(.data)
    USART_RX_STA_2                           0x2000001e   Data           2  usart.o(.data)
    temp                                     0x20000020   Data           1  main.o(.data)
    humi                                     0x20000021   Data           1  main.o(.data)
    result                                   0x20000022   Data           1  main.o(.data)
    n                                        0x20000023   Data           1  main.o(.data)
    m                                        0x20000024   Data           1  main.o(.data)
    j                                        0x20000025   Data           1  main.o(.data)
    mode                                     0x20000026   Data           1  main.o(.data)
    data                                     0x20000028   Data           4  main.o(.data)
    SystemCoreClock                          0x2000002c   Data           4  system_stm32f10x.o(.data)
    AHBPrescTable                            0x20000030   Data          16  system_stm32f10x.o(.data)
    Hzk1                                     0x20000040   Data         384  oled.o(.data)
    Hzk100                                   0x200001c0   Data         576  oled.o(.data)
    Hzk2                                     0x20000400   Data         216  oled.o(.data)
    Hzk3                                     0x200004d8   Data         512  oled.o(.data)
    Hzk4                                     0x200006d8   Data        4096  oled.o(.data)
    Ajusted                                  0x200016d8   Data           2  vl53l1x.o(.data)
    Distance                                 0x200016da   Data           2  vl53l1x.o(.data)
    Mode_data                                0x200016dc   Data          56  vl53l1x.o(.data)
    USART_RX_BUF                             0x20001714   Data         200  usart.o(.bss)
    USART_RX_BUF_2                           0x200017dc   Data         200  usart.o(.bss)
    OLED_GRAM                                0x200018a4   Data        1152  oled.o(.bss)
    VL53L1_dev                               0x20001d24   Data        1856  vl53l1x.o(.bss)
    VL53L1_data                              0x20002464   Data          56  vl53l1x.o(.bss)
    __libspace_start                         0x2000249c   Data          96  libspace.o(.bss)
    __temporary_stack_top$libspace           0x200024fc   Data           0  libspace.o(.bss)



==============================================================================

Memory Map of the image

  Image Entry point : 0x08000131

  Load Region LR_IROM1 (Base: 0x08000000, Size: 0x00007e14, Max: 0x00010000, ABSOLUTE, COMPRESSED[0x0000694c])

    Execution Region ER_IROM1 (Exec base: 0x08000000, Load base: 0x08000000, Size: 0x00006700, Max: 0x00010000, ABSOLUTE)

    Exec Addr    Load Addr    Size         Type   Attr      Idx    E Section Name        Object

    0x08000000   0x08000000   0x00000130   Data   RO           19    RESET               startup_stm32f10x_hd.o
    0x08000130   0x08000130   0x00000008   Code   RO         5658  * !!!main             c_w.l(__main.o)
    0x08000138   0x08000138   0x00000034   Code   RO         5836    !!!scatter          c_w.l(__scatter.o)
    0x0800016c   0x0800016c   0x0000005a   Code   RO         5834    !!dczerorl2         c_w.l(__dczerorl2.o)
    0x080001c6   0x080001c6   0x00000002   PAD
    0x080001c8   0x080001c8   0x0000001c   Code   RO         5838    !!handler_zi        c_w.l(__scatter_zi.o)
    0x080001e4   0x080001e4   0x00000000   Code   RO         5645    .ARM.Collect$$_printf_percent$$00000000  c_w.l(_printf_percent.o)
    0x080001e4   0x080001e4   0x00000004   Code   RO         5671    .ARM.Collect$$_printf_percent$$00000017  c_w.l(_printf_percent_end.o)
    0x080001e8   0x080001e8   0x00000002   Code   RO         5706    .ARM.Collect$$libinit$$00000000  c_w.l(libinit.o)
    0x080001ea   0x080001ea   0x00000000   Code   RO         5713    .ARM.Collect$$libinit$$00000002  c_w.l(libinit2.o)
    0x080001ea   0x080001ea   0x00000000   Code   RO         5715    .ARM.Collect$$libinit$$00000004  c_w.l(libinit2.o)
    0x080001ea   0x080001ea   0x00000000   Code   RO         5718    .ARM.Collect$$libinit$$0000000A  c_w.l(libinit2.o)
    0x080001ea   0x080001ea   0x00000000   Code   RO         5720    .ARM.Collect$$libinit$$0000000C  c_w.l(libinit2.o)
    0x080001ea   0x080001ea   0x00000000   Code   RO         5722    .ARM.Collect$$libinit$$0000000E  c_w.l(libinit2.o)
    0x080001ea   0x080001ea   0x00000000   Code   RO         5725    .ARM.Collect$$libinit$$00000011  c_w.l(libinit2.o)
    0x080001ea   0x080001ea   0x00000000   Code   RO         5727    .ARM.Collect$$libinit$$00000013  c_w.l(libinit2.o)
    0x080001ea   0x080001ea   0x00000000   Code   RO         5729    .ARM.Collect$$libinit$$00000015  c_w.l(libinit2.o)
    0x080001ea   0x080001ea   0x00000000   Code   RO         5731    .ARM.Collect$$libinit$$00000017  c_w.l(libinit2.o)
    0x080001ea   0x080001ea   0x00000000   Code   RO         5733    .ARM.Collect$$libinit$$00000019  c_w.l(libinit2.o)
    0x080001ea   0x080001ea   0x00000000   Code   RO         5735    .ARM.Collect$$libinit$$0000001B  c_w.l(libinit2.o)
    0x080001ea   0x080001ea   0x00000000   Code   RO         5737    .ARM.Collect$$libinit$$0000001D  c_w.l(libinit2.o)
    0x080001ea   0x080001ea   0x00000000   Code   RO         5739    .ARM.Collect$$libinit$$0000001F  c_w.l(libinit2.o)
    0x080001ea   0x080001ea   0x00000000   Code   RO         5741    .ARM.Collect$$libinit$$00000021  c_w.l(libinit2.o)
    0x080001ea   0x080001ea   0x00000000   Code   RO         5743    .ARM.Collect$$libinit$$00000023  c_w.l(libinit2.o)
    0x080001ea   0x080001ea   0x00000000   Code   RO         5745    .ARM.Collect$$libinit$$00000025  c_w.l(libinit2.o)
    0x080001ea   0x080001ea   0x00000000   Code   RO         5749    .ARM.Collect$$libinit$$0000002C  c_w.l(libinit2.o)
    0x080001ea   0x080001ea   0x00000000   Code   RO         5751    .ARM.Collect$$libinit$$0000002E  c_w.l(libinit2.o)
    0x080001ea   0x080001ea   0x00000000   Code   RO         5753    .ARM.Collect$$libinit$$00000030  c_w.l(libinit2.o)
    0x080001ea   0x080001ea   0x00000000   Code   RO         5755    .ARM.Collect$$libinit$$00000032  c_w.l(libinit2.o)
    0x080001ea   0x080001ea   0x00000002   Code   RO         5756    .ARM.Collect$$libinit$$00000033  c_w.l(libinit2.o)
    0x080001ec   0x080001ec   0x00000002   Code   RO         5774    .ARM.Collect$$libshutdown$$00000000  c_w.l(libshutdown.o)
    0x080001ee   0x080001ee   0x00000000   Code   RO         5784    .ARM.Collect$$libshutdown$$00000002  c_w.l(libshutdown2.o)
    0x080001ee   0x080001ee   0x00000000   Code   RO         5786    .ARM.Collect$$libshutdown$$00000004  c_w.l(libshutdown2.o)
    0x080001ee   0x080001ee   0x00000000   Code   RO         5788    .ARM.Collect$$libshutdown$$00000006  c_w.l(libshutdown2.o)
    0x080001ee   0x080001ee   0x00000000   Code   RO         5791    .ARM.Collect$$libshutdown$$00000009  c_w.l(libshutdown2.o)
    0x080001ee   0x080001ee   0x00000000   Code   RO         5794    .ARM.Collect$$libshutdown$$0000000C  c_w.l(libshutdown2.o)
    0x080001ee   0x080001ee   0x00000000   Code   RO         5796    .ARM.Collect$$libshutdown$$0000000E  c_w.l(libshutdown2.o)
    0x080001ee   0x080001ee   0x00000000   Code   RO         5799    .ARM.Collect$$libshutdown$$00000011  c_w.l(libshutdown2.o)
    0x080001ee   0x080001ee   0x00000002   Code   RO         5800    .ARM.Collect$$libshutdown$$00000012  c_w.l(libshutdown2.o)
    0x080001f0   0x080001f0   0x00000000   Code   RO         5662    .ARM.Collect$$rtentry$$00000000  c_w.l(__rtentry.o)
    0x080001f0   0x080001f0   0x00000000   Code   RO         5675    .ARM.Collect$$rtentry$$00000002  c_w.l(__rtentry2.o)
    0x080001f0   0x080001f0   0x00000006   Code   RO         5687    .ARM.Collect$$rtentry$$00000004  c_w.l(__rtentry4.o)
    0x080001f6   0x080001f6   0x00000000   Code   RO         5677    .ARM.Collect$$rtentry$$00000009  c_w.l(__rtentry2.o)
    0x080001f6   0x080001f6   0x00000004   Code   RO         5678    .ARM.Collect$$rtentry$$0000000A  c_w.l(__rtentry2.o)
    0x080001fa   0x080001fa   0x00000000   Code   RO         5680    .ARM.Collect$$rtentry$$0000000C  c_w.l(__rtentry2.o)
    0x080001fa   0x080001fa   0x00000008   Code   RO         5681    .ARM.Collect$$rtentry$$0000000D  c_w.l(__rtentry2.o)
    0x08000202   0x08000202   0x00000002   Code   RO         5710    .ARM.Collect$$rtexit$$00000000  c_w.l(rtexit.o)
    0x08000204   0x08000204   0x00000000   Code   RO         5758    .ARM.Collect$$rtexit$$00000002  c_w.l(rtexit2.o)
    0x08000204   0x08000204   0x00000004   Code   RO         5759    .ARM.Collect$$rtexit$$00000003  c_w.l(rtexit2.o)
    0x08000208   0x08000208   0x00000006   Code   RO         5760    .ARM.Collect$$rtexit$$00000004  c_w.l(rtexit2.o)
    0x0800020e   0x0800020e   0x00000002   PAD
    0x08000210   0x08000210   0x00000040   Code   RO           20    .text               startup_stm32f10x_hd.o
    0x08000250   0x08000250   0x00000002   Code   RO         5610    .text               c_w.l(use_no_semi_2.o)
    0x08000252   0x08000252   0x00000002   PAD
    0x08000254   0x08000254   0x00000018   Code   RO         5616    .text               c_w.l(noretval__2printf.o)
    0x0800026c   0x0800026c   0x00000068   Code   RO         5620    .text               c_w.l(__printf.o)
    0x080002d4   0x080002d4   0x00000024   Code   RO         5646    .text               c_w.l(strstr.o)
    0x080002f8   0x080002f8   0x00000006   Code   RO         5656    .text               c_w.l(heapauxi.o)
    0x080002fe   0x080002fe   0x00000002   Code   RO         5660    .text               c_w.l(use_no_semi.o)
    0x08000300   0x08000300   0x00000030   Code   RO         5665    .text               c_w.l(_printf_char_common.o)
    0x08000330   0x08000330   0x00000024   Code   RO         5669    .text               c_w.l(_printf_char_file.o)
    0x08000354   0x08000354   0x00000008   Code   RO         5691    .text               c_w.l(ferror.o)
    0x0800035c   0x0800035c   0x0000004a   Code   RO         5697    .text               c_w.l(sys_stackheap_outer.o)
    0x080003a6   0x080003a6   0x00000012   Code   RO         5699    .text               c_w.l(exit.o)
    0x080003b8   0x080003b8   0x00000008   Code   RO         5707    .text               c_w.l(libspace.o)
    0x080003c0   0x080003c0   0x00000016   Code   RO          149    i.ADC_Cmd           stm32f10x_adc.o
    0x080003d6   0x080003d6   0x00000002   PAD
    0x080003d8   0x080003d8   0x0000005c   Code   RO          151    i.ADC_DeInit        stm32f10x_adc.o
    0x08000434   0x08000434   0x00000014   Code   RO          157    i.ADC_GetCalibrationStatus  stm32f10x_adc.o
    0x08000448   0x08000448   0x00000014   Code   RO          163    i.ADC_GetResetCalibrationStatus  stm32f10x_adc.o
    0x0800045c   0x0800045c   0x00000050   Code   RO          167    i.ADC_Init          stm32f10x_adc.o
    0x080004ac   0x080004ac   0x0000000a   Code   RO          172    i.ADC_ResetCalibration  stm32f10x_adc.o
    0x080004b6   0x080004b6   0x00000016   Code   RO          174    i.ADC_SoftwareStartConvCmd  stm32f10x_adc.o
    0x080004cc   0x080004cc   0x0000000a   Code   RO          176    i.ADC_StartCalibration  stm32f10x_adc.o
    0x080004d6   0x080004d6   0x00000002   PAD
    0x080004d8   0x080004d8   0x0000007c   Code   RO         5527    i.BC25_CGATT        bc25.o
    0x08000554   0x08000554   0x00000094   Code   RO         5528    i.BC25_CGPADDR      bc25.o
    0x080005e8   0x080005e8   0x0000009c   Code   RO         5529    i.BC25_CIMI         bc25.o
    0x08000684   0x08000684   0x00000074   Code   RO         5530    i.BC25_CPSMS        bc25.o
    0x080006f8   0x080006f8   0x00000050   Code   RO         5531    i.BC25_GPIO_INIT    bc25.o
    0x08000748   0x08000748   0x000000d8   Code   RO         5532    i.BC25_INIT         bc25.o
    0x08000820   0x08000820   0x00000074   Code   RO         5533    i.BC25_NNMI         bc25.o
    0x08000894   0x08000894   0x00000070   Code   RO         5534    i.BC25_QSCLK        bc25.o
    0x08000904   0x08000904   0x00000004   Code   RO         3303    i.BusFault_Handler  stm32f10x_it.o
    0x08000908   0x08000908   0x00000074   Code   RO         3649    i.ComputeDevicePresetMode  vl53l1_api.o
    0x0800097c   0x0800097c   0x00000064   Code   RO         3444    i.DHT11_Check       dht11.o
    0x080009e0   0x080009e0   0x00000040   Code   RO         3448    i.DHT11_Rest        dht11.o
    0x08000a20   0x08000a20   0x00000034   Code   RO         3449    i.DHT11_init        dht11.o
    0x08000a54   0x08000a54   0x00000002   Code   RO         3304    i.DebugMon_Handler  stm32f10x_it.o
    0x08000a56   0x08000a56   0x00000018   Code   RO         5330    i.DelayUs           vl53l1x_i2c.o
    0x08000a6e   0x08000a6e   0x00000116   Code   RO         1258    i.GPIO_Init         stm32f10x_gpio.o
    0x08000b84   0x08000b84   0x00000048   Code   RO         3193    i.GPIO_Init_LEDs    main.o
    0x08000bcc   0x08000bcc   0x00000090   Code   RO         1260    i.GPIO_PinRemapConfig  stm32f10x_gpio.o
    0x08000c5c   0x08000c5c   0x00000004   Code   RO         1265    i.GPIO_ResetBits    stm32f10x_gpio.o
    0x08000c60   0x08000c60   0x00000004   Code   RO         1266    i.GPIO_SetBits      stm32f10x_gpio.o
    0x08000c64   0x08000c64   0x00000004   Code   RO         3305    i.HardFault_Handler  stm32f10x_it.o
    0x08000c68   0x08000c68   0x00000030   Code   RO         3486    i.I2C_Start         oled.o
    0x08000c98   0x08000c98   0x00000028   Code   RO         3487    i.I2C_Stop          oled.o
    0x08000cc0   0x08000cc0   0x0000001c   Code   RO         3488    i.I2C_WaitAck       oled.o
    0x08000cdc   0x08000cdc   0x0000009c   Code   RO         3427    i.MQ_Init           mq.o
    0x08000d78   0x08000d78   0x00000004   Code   RO         3306    i.MemManage_Handler  stm32f10x_it.o
    0x08000d7c   0x08000d7c   0x00000024   Code   RO         5535    i.NB_RST            bc25.o
    0x08000da0   0x08000da0   0x00000002   Code   RO         3307    i.NMI_Handler       stm32f10x_it.o
    0x08000da2   0x08000da2   0x00000002   PAD
    0x08000da4   0x08000da4   0x00000070   Code   RO           24    i.NVIC_Init         misc.o
    0x08000e14   0x08000e14   0x00000014   Code   RO           25    i.NVIC_PriorityGroupConfig  misc.o
    0x08000e28   0x08000e28   0x00000030   Code   RO         3489    i.OLED_Clear        oled.o
    0x08000e58   0x08000e58   0x00000060   Code   RO         3490    i.OLED_ClearPoint   oled.o
    0x08000eb8   0x08000eb8   0x0000003c   Code   RO         3497    i.OLED_DrawPoint    oled.o
    0x08000ef4   0x08000ef4   0x00000120   Code   RO         3498    i.OLED_Init         oled.o
    0x08001014   0x08001014   0x0000004c   Code   RO         3500    i.OLED_Refresh      oled.o
    0x08001060   0x08001060   0x000000fc   Code   RO         3502    i.OLED_ShowChar     oled.o
    0x0800115c   0x0800115c   0x00000108   Code   RO         3503    i.OLED_ShowChinese  oled.o
    0x08001264   0x08001264   0x00000042   Code   RO         3506    i.OLED_ShowString   oled.o
    0x080012a6   0x080012a6   0x00000038   Code   RO         3508    i.OLED_WR_Byte      oled.o
    0x080012de   0x080012de   0x00000002   Code   RO         3308    i.PendSV_Handler    stm32f10x_it.o
    0x080012e0   0x080012e0   0x00000018   Code   RO         1672    i.RCC_ADCCLKConfig  stm32f10x_rcc.o
    0x080012f8   0x080012f8   0x00000020   Code   RO         1674    i.RCC_APB1PeriphClockCmd  stm32f10x_rcc.o
    0x08001318   0x08001318   0x00000020   Code   RO         1675    i.RCC_APB1PeriphResetCmd  stm32f10x_rcc.o
    0x08001338   0x08001338   0x00000020   Code   RO         1676    i.RCC_APB2PeriphClockCmd  stm32f10x_rcc.o
    0x08001358   0x08001358   0x00000020   Code   RO         1677    i.RCC_APB2PeriphResetCmd  stm32f10x_rcc.o
    0x08001378   0x08001378   0x000000d4   Code   RO         1684    i.RCC_GetClocksFreq  stm32f10x_rcc.o
    0x0800144c   0x0800144c   0x00000002   Code   RO         3309    i.SVC_Handler       stm32f10x_it.o
    0x0800144e   0x0800144e   0x00000002   PAD
    0x08001450   0x08001450   0x00000054   Code   RO         3509    i.Send_Byte         oled.o
    0x080014a4   0x080014a4   0x00000040   Code   RO         3654    i.SetLimitValue     vl53l1_api.o
    0x080014e4   0x080014e4   0x00000072   Code   RO         3655    i.SetPresetMode     vl53l1_api.o
    0x08001556   0x08001556   0x00000008   Code   RO         3392    i.SetSysClock       system_stm32f10x.o
    0x0800155e   0x0800155e   0x00000002   PAD
    0x08001560   0x08001560   0x000000e0   Code   RO         3393    i.SetSysClockTo72   system_stm32f10x.o
    0x08001640   0x08001640   0x00000028   Code   RO           28    i.SysTick_CLKSourceConfig  misc.o
    0x08001668   0x08001668   0x00000002   Code   RO         3310    i.SysTick_Handler   stm32f10x_it.o
    0x0800166a   0x0800166a   0x00000002   PAD
    0x0800166c   0x0800166c   0x00000060   Code   RO         3395    i.SystemInit        system_stm32f10x.o
    0x080016cc   0x080016cc   0x00000054   Code   RO         3134    i.USART2_IRQHandler  usart.o
    0x08001720   0x08001720   0x00000018   Code   RO         2844    i.USART_Cmd         stm32f10x_usart.o
    0x08001738   0x08001738   0x0000009c   Code   RO         2846    i.USART_DeInit      stm32f10x_usart.o
    0x080017d4   0x080017d4   0x00000054   Code   RO         2848    i.USART_GetITStatus  stm32f10x_usart.o
    0x08001828   0x08001828   0x0000004a   Code   RO         2850    i.USART_ITConfig    stm32f10x_usart.o
    0x08001872   0x08001872   0x00000002   PAD
    0x08001874   0x08001874   0x000000d8   Code   RO         2851    i.USART_Init        stm32f10x_usart.o
    0x0800194c   0x0800194c   0x0000000a   Code   RO         2858    i.USART_ReceiveData  stm32f10x_usart.o
    0x08001956   0x08001956   0x00000008   Code   RO         2861    i.USART_SendData    stm32f10x_usart.o
    0x0800195e   0x0800195e   0x00000004   Code   RO         3311    i.UsageFault_Handler  stm32f10x_it.o
    0x08001962   0x08001962   0x00000064   Code   RO         3659    i.VL53L1_DataInit   vl53l1_api.o
    0x080019c6   0x080019c6   0x0000002c   Code   RO         3663    i.VL53L1_GetInterMeasurementPeriodMilliSeconds  vl53l1_api.o
    0x080019f2   0x080019f2   0x000000f4   Code   RO         3670    i.VL53L1_GetMeasurementTimingBudgetMicroSeconds  vl53l1_api.o
    0x08001ae6   0x08001ae6   0x0000001e   Code   RO         3681    i.VL53L1_GetSequenceStepEnable  vl53l1_api.o
    0x08001b04   0x08001b04   0x00000040   Code   RO         5331    i.VL53L1_I2C_Init   vl53l1x_i2c.o
    0x08001b44   0x08001b44   0x000000a0   Code   RO         3690    i.VL53L1_PerformRefSpadManagement  vl53l1_api.o
    0x08001be4   0x08001be4   0x00000020   Code   RO         5237    i.VL53L1_RdByte     vl53l1_platform.o
    0x08001c04   0x08001c04   0x00000020   Code   RO         5239    i.VL53L1_RdWord     vl53l1_platform.o
    0x08001c24   0x08001c24   0x00000028   Code   RO         5240    i.VL53L1_ReadMulti  vl53l1_platform.o
    0x08001c4c   0x08001c4c   0x00000024   Code   RO         3693    i.VL53L1_SetDeviceAddress  vl53l1_api.o
    0x08001c70   0x08001c70   0x00000096   Code   RO         3694    i.VL53L1_SetDistanceMode  vl53l1_api.o
    0x08001d06   0x08001d06   0x00000028   Code   RO         3695    i.VL53L1_SetInterMeasurementPeriodMilliSeconds  vl53l1_api.o
    0x08001d2e   0x08001d2e   0x00000048   Code   RO         3696    i.VL53L1_SetLimitCheckEnable  vl53l1_api.o
    0x08001d76   0x08001d76   0x00000046   Code   RO         3697    i.VL53L1_SetLimitCheckValue  vl53l1_api.o
    0x08001dbc   0x08001dbc   0x00000128   Code   RO         3698    i.VL53L1_SetMeasurementTimingBudgetMicroSeconds  vl53l1_api.o
    0x08001ee4   0x08001ee4   0x00000062   Code   RO         3700    i.VL53L1_SetPresetMode  vl53l1_api.o
    0x08001f46   0x08001f46   0x000000a0   Code   RO         3706    i.VL53L1_StartMeasurement  vl53l1_api.o
    0x08001fe6   0x08001fe6   0x0000002e   Code   RO         3707    i.VL53L1_StaticInit  vl53l1_api.o
    0x08002014   0x08002014   0x00000016   Code   RO         3709    i.VL53L1_WaitDeviceBooted  vl53l1_api.o
    0x0800202a   0x0800202a   0x00000010   Code   RO         5242    i.VL53L1_WaitMs     vl53l1_platform.o
    0x0800203a   0x0800203a   0x00000010   Code   RO         5243    i.VL53L1_WaitUs     vl53l1_platform.o
    0x0800204a   0x0800204a   0x0000006a   Code   RO         5244    i.VL53L1_WaitValueMaskEx  vl53l1_platform.o
    0x080020b4   0x080020b4   0x00000020   Code   RO         5245    i.VL53L1_WrByte     vl53l1_platform.o
    0x080020d4   0x080020d4   0x00000020   Code   RO         5247    i.VL53L1_WrWord     vl53l1_platform.o
    0x080020f4   0x080020f4   0x00000028   Code   RO         5248    i.VL53L1_WriteMulti  vl53l1_platform.o
    0x0800211c   0x0800211c   0x0000005a   Code   RO         5465    i.VL53L1_addr_set   vl53l1x.o
    0x08002176   0x08002176   0x00000020   Code   RO         4617    i.VL53L1_calc_decoded_timeout_us  vl53l1_core.o
    0x08002196   0x08002196   0x00000020   Code   RO         4618    i.VL53L1_calc_encoded_timeout  vl53l1_core.o
    0x080021b6   0x080021b6   0x00000032   Code   RO         4619    i.VL53L1_calc_macro_period_us  vl53l1_core.o
    0x080021e8   0x080021e8   0x0000000e   Code   RO         4964    i.VL53L1_calc_pll_period_us  vl53l1_core_support.o
    0x080021f6   0x080021f6   0x00000068   Code   RO         4621    i.VL53L1_calc_range_ignore_threshold  vl53l1_core.o
    0x0800225e   0x0800225e   0x00000010   Code   RO         4622    i.VL53L1_calc_timeout_mclks  vl53l1_core.o
    0x0800226e   0x0800226e   0x00000096   Code   RO         4623    i.VL53L1_calc_timeout_register_values  vl53l1_core.o
    0x08002304   0x08002304   0x00000026   Code   RO         4624    i.VL53L1_calc_timeout_us  vl53l1_core.o
    0x0800232a   0x0800232a   0x00000020   Code   RO         4626    i.VL53L1_clear_interrupt  vl53l1_core.o
    0x0800234a   0x0800234a   0x0000001e   Code   RO         4627    i.VL53L1_config_low_power_auto_mode  vl53l1_core.o
    0x08002368   0x08002368   0x00000086   Code   RO         4628    i.VL53L1_copy_rtn_good_spads_to_buffer  vl53l1_core.o
    0x080023ee   0x080023ee   0x000000c6   Code   RO         4129    i.VL53L1_data_init  vl53l1_api_core.o
    0x080024b4   0x080024b4   0x0000002e   Code   RO         4965    i.VL53L1_decode_row_col  vl53l1_core_support.o
    0x080024e2   0x080024e2   0x0000000e   Code   RO         4630    i.VL53L1_decode_timeout  vl53l1_core.o
    0x080024f0   0x080024f0   0x0000000c   Code   RO         4966    i.VL53L1_decode_vcsel_period  vl53l1_core_support.o
    0x080024fc   0x080024fc   0x0000000c   Code   RO         4633    i.VL53L1_decode_zone_size  vl53l1_core.o
    0x08002508   0x08002508   0x00000014   Code   RO         4634    i.VL53L1_disable_firmware  vl53l1_core.o
    0x0800251c   0x0800251c   0x00000014   Code   RO         4635    i.VL53L1_disable_powerforce  vl53l1_core.o
    0x08002530   0x08002530   0x00000014   Code   RO         4636    i.VL53L1_enable_firmware  vl53l1_core.o
    0x08002544   0x08002544   0x00000014   Code   RO         4637    i.VL53L1_enable_powerforce  vl53l1_core.o
    0x08002558   0x08002558   0x00000022   Code   RO         4639    i.VL53L1_encode_row_col  vl53l1_core.o
    0x0800257a   0x0800257a   0x00000028   Code   RO         4640    i.VL53L1_encode_timeout  vl53l1_core.o
    0x080025a2   0x080025a2   0x00000008   Code   RO         4643    i.VL53L1_encode_zone_size  vl53l1_core.o
    0x080025aa   0x080025aa   0x0000002e   Code   RO         5000    i.VL53L1_get_customer_nvm_managed  vl53l1_register_funcs.o
    0x080025d8   0x080025d8   0x0000002c   Code   RO         4135    i.VL53L1_get_inter_measurement_period_ms  vl53l1_api_core.o
    0x08002604   0x08002604   0x00000042   Code   RO         4141    i.VL53L1_get_mode_mitigation_roi  vl53l1_api_core.o
    0x08002646   0x08002646   0x00000030   Code   RO         5001    i.VL53L1_get_nvm_copy_data  vl53l1_register_funcs.o
    0x08002676   0x08002676   0x000000ca   Code   RO         4145    i.VL53L1_get_preset_mode_timing_cfg  vl53l1_api_core.o
    0x08002740   0x08002740   0x00000034   Code   RO         4148    i.VL53L1_get_sequence_config_bit  vl53l1_api_core.o
    0x08002774   0x08002774   0x0000002a   Code   RO         5002    i.VL53L1_get_static_nvm_managed  vl53l1_register_funcs.o
    0x0800279e   0x0800279e   0x00000098   Code   RO         4149    i.VL53L1_get_timeouts_us  vl53l1_api_core.o
    0x08002836   0x08002836   0x0000025e   Code   RO         4150    i.VL53L1_get_tuning_parm  vl53l1_api_core.o
    0x08002a94   0x08002a94   0x0000002e   Code   RO         4151    i.VL53L1_get_user_zone  vl53l1_api_core.o
    0x08002ac2   0x08002ac2   0x000000a4   Code   RO         5005    i.VL53L1_i2c_decode_customer_nvm_managed  vl53l1_register_funcs.o
    0x08002b66   0x08002b66   0x00000026   Code   RO         4645    i.VL53L1_i2c_decode_int16_t  vl53l1_core.o
    0x08002b8c   0x08002b8c   0x00000142   Code   RO         5008    i.VL53L1_i2c_decode_nvm_copy_data  vl53l1_register_funcs.o
    0x08002cce   0x08002cce   0x00000062   Code   RO         5010    i.VL53L1_i2c_decode_static_nvm_managed  vl53l1_register_funcs.o
    0x08002d30   0x08002d30   0x0000001e   Code   RO         4647    i.VL53L1_i2c_decode_uint16_t  vl53l1_core.o
    0x08002d4e   0x08002d4e   0x000000ac   Code   RO         5012    i.VL53L1_i2c_encode_customer_nvm_managed  vl53l1_register_funcs.o
    0x08002dfa   0x08002dfa   0x0000008c   Code   RO         5013    i.VL53L1_i2c_encode_dynamic_config  vl53l1_register_funcs.o
    0x08002e86   0x08002e86   0x00000092   Code   RO         5014    i.VL53L1_i2c_encode_general_config  vl53l1_register_funcs.o
    0x08002f18   0x08002f18   0x00000020   Code   RO         4650    i.VL53L1_i2c_encode_int16_t  vl53l1_core.o
    0x08002f38   0x08002f38   0x000000e6   Code   RO         5015    i.VL53L1_i2c_encode_static_config  vl53l1_register_funcs.o
    0x0800301e   0x0800301e   0x00000062   Code   RO         5016    i.VL53L1_i2c_encode_static_nvm_managed  vl53l1_register_funcs.o
    0x08003080   0x08003080   0x00000038   Code   RO         5017    i.VL53L1_i2c_encode_system_control  vl53l1_register_funcs.o
    0x080030b8   0x080030b8   0x00000090   Code   RO         5018    i.VL53L1_i2c_encode_timing_config  vl53l1_register_funcs.o
    0x08003148   0x08003148   0x00000020   Code   RO         4652    i.VL53L1_i2c_encode_uint16_t  vl53l1_core.o
    0x08003168   0x08003168   0x00000020   Code   RO         4653    i.VL53L1_i2c_encode_uint32_t  vl53l1_core.o
    0x08003188   0x08003188   0x00000140   Code   RO         5467    i.VL53L1_init       vl53l1x.o
    0x080032c8   0x080032c8   0x00000274   Code   RO         4155    i.VL53L1_init_and_start_range  vl53l1_api_core.o
    0x0800353c   0x0800353c   0x00000026   Code   RO         4654    i.VL53L1_init_ll_driver_state  vl53l1_core.o
    0x08003562   0x08003562   0x00000026   Code   RO         4469    i.VL53L1_init_offset_cal_config_struct  vl53l1_api_preset_modes.o
    0x08003588   0x08003588   0x00000022   Code   RO         4470    i.VL53L1_init_refspadchar_config_struct  vl53l1_api_preset_modes.o
    0x080035aa   0x080035aa   0x00000020   Code   RO         4471    i.VL53L1_init_ssc_config_struct  vl53l1_api_preset_modes.o
    0x080035ca   0x080035ca   0x000000a4   Code   RO         4472    i.VL53L1_init_tuning_parm_storage_struct  vl53l1_api_preset_modes.o
    0x0800366e   0x0800366e   0x0000001c   Code   RO         4656    i.VL53L1_init_version  vl53l1_core.o
    0x0800368a   0x0800368a   0x00000066   Code   RO         4473    i.VL53L1_init_xtalk_config_struct  vl53l1_api_preset_modes.o
    0x080036f0   0x080036f0   0x00000054   Code   RO         5170    i.VL53L1_is_new_data_ready  vl53l1_wait.o
    0x08003744   0x08003744   0x00000034   Code   RO         4658    i.VL53L1_low_power_auto_data_init  vl53l1_core.o
    0x08003778   0x08003778   0x0000003e   Code   RO         3711    i.VL53L1_nvm_disable  vl53l1_api.o
    0x080037b6   0x080037b6   0x0000007e   Code   RO         3712    i.VL53L1_nvm_enable  vl53l1_api.o
    0x08003834   0x08003834   0x00000076   Code   RO         3713    i.VL53L1_nvm_read   vl53l1_api.o
    0x080038aa   0x080038aa   0x00000038   Code   RO         5171    i.VL53L1_poll_for_boot_completion  vl53l1_wait.o
    0x080038e2   0x080038e2   0x00000042   Code   RO         5173    i.VL53L1_poll_for_range_completion  vl53l1_wait.o
    0x08003924   0x08003924   0x0000003c   Code   RO         4474    i.VL53L1_preset_mode_low_power_auto_long_ranging  vl53l1_api_preset_modes.o
    0x08003960   0x08003960   0x0000003c   Code   RO         4475    i.VL53L1_preset_mode_low_power_auto_ranging  vl53l1_api_preset_modes.o
    0x0800399c   0x0800399c   0x0000003c   Code   RO         4476    i.VL53L1_preset_mode_low_power_auto_short_ranging  vl53l1_api_preset_modes.o
    0x080039d8   0x080039d8   0x00000030   Code   RO         4477    i.VL53L1_preset_mode_olt  vl53l1_api_preset_modes.o
    0x08003a08   0x08003a08   0x0000004e   Code   RO         4478    i.VL53L1_preset_mode_singleshot_ranging  vl53l1_api_preset_modes.o
    0x08003a56   0x08003a56   0x0000013a   Code   RO         4479    i.VL53L1_preset_mode_standard_ranging  vl53l1_api_preset_modes.o
    0x08003b90   0x08003b90   0x00000054   Code   RO         4480    i.VL53L1_preset_mode_standard_ranging_long_range  vl53l1_api_preset_modes.o
    0x08003be4   0x08003be4   0x00000034   Code   RO         4481    i.VL53L1_preset_mode_standard_ranging_mm1_cal  vl53l1_api_preset_modes.o
    0x08003c18   0x08003c18   0x00000034   Code   RO         4482    i.VL53L1_preset_mode_standard_ranging_mm2_cal  vl53l1_api_preset_modes.o
    0x08003c4c   0x08003c4c   0x00000054   Code   RO         4483    i.VL53L1_preset_mode_standard_ranging_short_range  vl53l1_api_preset_modes.o
    0x08003ca0   0x08003ca0   0x00000054   Code   RO         4484    i.VL53L1_preset_mode_timed_ranging  vl53l1_api_preset_modes.o
    0x08003cf4   0x08003cf4   0x00000054   Code   RO         4485    i.VL53L1_preset_mode_timed_ranging_long_range  vl53l1_api_preset_modes.o
    0x08003d48   0x08003d48   0x00000056   Code   RO         4486    i.VL53L1_preset_mode_timed_ranging_short_range  vl53l1_api_preset_modes.o
    0x08003d9e   0x08003d9e   0x00000020   Code   RO         5332    i.VL53L1_read_byte  vl53l1x_i2c.o
    0x08003dbe   0x08003dbe   0x00000028   Code   RO         5334    i.VL53L1_read_multi  vl53l1x_i2c.o
    0x08003de6   0x08003de6   0x0000003c   Code   RO         3714    i.VL53L1_read_nvm_raw_data  vl53l1_api.o
    0x08003e22   0x08003e22   0x0000009c   Code   RO         4156    i.VL53L1_read_p2p_data  vl53l1_api_core.o
    0x08003ebe   0x08003ebe   0x0000002a   Code   RO         5335    i.VL53L1_read_word  vl53l1x_i2c.o
    0x08003ee8   0x08003ee8   0x00000092   Code   RO         4091    i.VL53L1_run_device_test  vl53l1_api_calibration.o
    0x08003f7a   0x08003f7a   0x00000122   Code   RO         4093    i.VL53L1_run_ref_spad_char  vl53l1_api_calibration.o
    0x0800409c   0x0800409c   0x00000024   Code   RO         4665    i.VL53L1_set_firmware_enable_register  vl53l1_core.o
    0x080040c0   0x080040c0   0x0000002a   Code   RO         4161    i.VL53L1_set_inter_measurement_period_ms  vl53l1_api_core.o
    0x080040ea   0x080040ea   0x00000010   Code   RO         4163    i.VL53L1_set_lite_min_count_rate  vl53l1_api_core.o
    0x080040fa   0x080040fa   0x00000010   Code   RO         4164    i.VL53L1_set_lite_sigma_threshold  vl53l1_api_core.o
    0x0800410a   0x0800410a   0x00000002   PAD
    0x0800410c   0x0800410c   0x00000168   Code   RO         5469    i.VL53L1_set_mode   vl53l1x.o
    0x08004274   0x08004274   0x00000024   Code   RO         4666    i.VL53L1_set_powerforce_register  vl53l1_core.o
    0x08004298   0x08004298   0x000001da   Code   RO         4169    i.VL53L1_set_preset_mode  vl53l1_api_core.o
    0x08004472   0x08004472   0x000000be   Code   RO         4667    i.VL53L1_set_ref_spad_char_config  vl53l1_core.o
    0x08004530   0x08004530   0x00000050   Code   RO         4173    i.VL53L1_set_timeouts_us  vl53l1_api_core.o
    0x08004580   0x08004580   0x0000002a   Code   RO         4175    i.VL53L1_set_user_zone  vl53l1_api_core.o
    0x080045aa   0x080045aa   0x00000020   Code   RO         4177    i.VL53L1_set_vhv_loopbound  vl53l1_api_core.o
    0x080045ca   0x080045ca   0x0000001a   Code   RO         4670    i.VL53L1_start_test  vl53l1_core.o
    0x080045e4   0x080045e4   0x00000082   Code   RO         4671    i.VL53L1_update_ll_driver_cfg_state  vl53l1_core.o
    0x08004666   0x08004666   0x000000ac   Code   RO         4672    i.VL53L1_update_ll_driver_rd_state  vl53l1_core.o
    0x08004712   0x08004712   0x00000048   Code   RO         5177    i.VL53L1_wait_for_test_completion  vl53l1_wait.o
    0x0800475a   0x0800475a   0x0000001a   Code   RO         5336    i.VL53L1_write_byte  vl53l1x_i2c.o
    0x08004774   0x08004774   0x00000028   Code   RO         5338    i.VL53L1_write_multi  vl53l1x_i2c.o
    0x0800479c   0x0800479c   0x00000054   Code   RO         5339    i.VL53L1_write_word  vl53l1x_i2c.o
    0x080047f0   0x080047f0   0x0000002c   Code   RO         5471    i.VL53l1_GPIO_Init  vl53l1x.o
    0x0800481c   0x0800481c   0x00000078   Code   RO         5340    i.VL_I2C_Read_nByte  vl53l1x_i2c.o
    0x08004894   0x08004894   0x0000005a   Code   RO         5341    i.VL_I2C_Write_nByte  vl53l1x_i2c.o
    0x080048ee   0x080048ee   0x00000002   PAD
    0x080048f0   0x080048f0   0x00000050   Code   RO         5342    i.VL_IIC_Ack        vl53l1x_i2c.o
    0x08004940   0x08004940   0x00000050   Code   RO         5343    i.VL_IIC_NAck       vl53l1x_i2c.o
    0x08004990   0x08004990   0x0000007c   Code   RO         5345    i.VL_IIC_Read_Byte  vl53l1x_i2c.o
    0x08004a0c   0x08004a0c   0x00000074   Code   RO         5346    i.VL_IIC_Send_Byte  vl53l1x_i2c.o
    0x08004a80   0x08004a80   0x0000004c   Code   RO         5347    i.VL_IIC_Start      vl53l1x_i2c.o
    0x08004acc   0x08004acc   0x0000004c   Code   RO         5348    i.VL_IIC_Stop       vl53l1x_i2c.o
    0x08004b18   0x08004b18   0x00000064   Code   RO         5349    i.VL_IIC_Wait_Ack   vl53l1x_i2c.o
    0x08004b7c   0x08004b7c   0x00000004   Code   RO         3137    i._sys_exit         usart.o
    0x08004b80   0x08004b80   0x00000044   Code   RO         3074    i.delay_init        delay.o
    0x08004bc4   0x08004bc4   0x0000004c   Code   RO         3075    i.delay_ms          delay.o
    0x08004c10   0x08004c10   0x0000004c   Code   RO         3076    i.delay_us          delay.o
    0x08004c5c   0x08004c5c   0x0000001c   Code   RO         3138    i.fputc             usart.o
    0x08004c78   0x08004c78   0x00000150   Code   RO         3194    i.main              main.o
    0x08004dc8   0x08004dc8   0x000000ac   Code   RO         3139    i.uart_init         usart.o
    0x08004e74   0x08004e74   0x000000ac   Code   RO         3140    i.uart_init_2       usart.o
    0x08004f20   0x08004f20   0x000017c0   Data   RO         3511    .constdata          oled.o
    0x080066e0   0x080066e0   0x00000020   Data   RO         5832    Region$$Table       anon$$obj.o


    Execution Region RW_IRAM1 (Exec base: 0x20000000, Load base: 0x08006700, Size: 0x00002b00, Max: 0x00005000, ABSOLUTE, COMPRESSED[0x0000024c])

    Exec Addr    Load Addr    Size         Type   Attr      Idx    E Section Name        Object

    0x20000000   COMPRESSED   0x00000014   Data   RW         1704    .data               stm32f10x_rcc.o
    0x20000014   COMPRESSED   0x00000004   Data   RW         3077    .data               delay.o
    0x20000018   COMPRESSED   0x00000008   Data   RW         3142    .data               usart.o
    0x20000020   COMPRESSED   0x0000000c   Data   RW         3196    .data               main.o
    0x2000002c   COMPRESSED   0x00000014   Data   RW         3396    .data               system_stm32f10x.o
    0x20000040   COMPRESSED   0x00001698   Data   RW         3512    .data               oled.o
    0x200016d8   COMPRESSED   0x0000003c   Data   RW         5474    .data               vl53l1x.o
    0x20001714        -       0x00000190   Zero   RW         3141    .bss                usart.o
    0x200018a4        -       0x00000480   Zero   RW         3510    .bss                oled.o
    0x20001d24        -       0x00000778   Zero   RW         5473    .bss                vl53l1x.o
    0x2000249c        -       0x00000060   Zero   RW         5708    .bss                c_w.l(libspace.o)
    0x200024fc   COMPRESSED   0x00000004   PAD
    0x20002500        -       0x00000200   Zero   RW           18    HEAP                startup_stm32f10x_hd.o
    0x20002700        -       0x00000400   Zero   RW           17    STACK               startup_stm32f10x_hd.o


==============================================================================

Image component sizes


      Code (inc. data)   RO Data    RW Data    ZI Data      Debug   Object Name

      1104        296          0          0          0       4680   bc25.o
         0          0          0          0          0       4540   core_cm3.o
       220         26          0          4          0       1603   delay.o
       216         28          0          0          0       1532   dht11.o
       408         60          0         12          0      65440   main.o
       172         22          0          0          0     237181   misc.o
       156          8          0          0          0        566   mq.o
      1406         74       6080       5784       1152       9241   oled.o
        64         26        304          0       1536        768   startup_stm32f10x_hd.o
       276         24          0          0          0       6122   stm32f10x_adc.o
       430          6          0          0          0       3610   stm32f10x_gpio.o
        26          0          0          0          0       3454   stm32f10x_it.o
       364         50          0         20          0       5751   stm32f10x_rcc.o
       572         28          0          0          0       5742   stm32f10x_usart.o
       328         28          0         20          0       1937   system_stm32f10x.o
       460         40          0          8        400       4732   usart.o
      2228         28          0          0          0      18668   vl53l1_api.o
       436          0          0          0          0       2936   vl53l1_api_calibration.o
      2852         82          0          0          0      15804   vl53l1_api_core.o
      1516          0          0          0          0      16411   vl53l1_api_preset_modes.o
      1678          0          0          0          0      23376   vl53l1_core.o
        72          0          0          0          0       2773   vl53l1_core_support.o
       346          0          0          0          0       6788   vl53l1_platform.o
      1706          0          0          0          0      11584   vl53l1_register_funcs.o
       278          0          0          0          0       3718   vl53l1_wait.o
       814        232          0         60       1912       4301   vl53l1x.o
      1214        102          0          0          0      11020   vl53l1x_i2c.o

    ----------------------------------------------------------------------
     19360       1160       6416       5908       5000     474278   Object Totals
         0          0         32          0          0          0   (incl. Generated)
        18          0          0          0          0          0   (incl. Padding)

    ----------------------------------------------------------------------

      Code (inc. data)   RO Data    RW Data    ZI Data      Debug   Library Member Name

        90          0          0          0          0          0   __dczerorl2.o
         8          0          0          0          0         68   __main.o
       104          0          0          0          0         84   __printf.o
         0          0          0          0          0          0   __rtentry.o
        12          0          0          0          0          0   __rtentry2.o
         6          0          0          0          0          0   __rtentry4.o
        52          8          0          0          0          0   __scatter.o
        28          0          0          0          0          0   __scatter_zi.o
        48          6          0          0          0         96   _printf_char_common.o
        36          4          0          0          0         80   _printf_char_file.o
         0          0          0          0          0          0   _printf_percent.o
         4          0          0          0          0          0   _printf_percent_end.o
        18          0          0          0          0         80   exit.o
         8          0          0          0          0         68   ferror.o
         6          0          0          0          0        152   heapauxi.o
         2          0          0          0          0          0   libinit.o
         2          0          0          0          0          0   libinit2.o
         2          0          0          0          0          0   libshutdown.o
         2          0          0          0          0          0   libshutdown2.o
         8          4          0          0         96         68   libspace.o
        24          4          0          0          0         84   noretval__2printf.o
         2          0          0          0          0          0   rtexit.o
        10          0          0          0          0          0   rtexit2.o
        36          0          0          0          0         80   strstr.o
        74          0          0          0          0         80   sys_stackheap_outer.o
         2          0          0          0          0         68   use_no_semi.o
         2          0          0          0          0         68   use_no_semi_2.o

    ----------------------------------------------------------------------
       592         26          0          0        100       1076   Library Totals
         6          0          0          0          4          0   (incl. Padding)

    ----------------------------------------------------------------------

      Code (inc. data)   RO Data    RW Data    ZI Data      Debug   Library Name

       586         26          0          0         96       1076   c_w.l

    ----------------------------------------------------------------------
       592         26          0          0        100       1076   Library Totals

    ----------------------------------------------------------------------

==============================================================================


      Code (inc. data)   RO Data    RW Data    ZI Data      Debug   

     19952       1186       6416       5908       5100     463806   Grand Totals
     19952       1186       6416        588       5100     463806   ELF Image Totals (compressed)
     19952       1186       6416        588          0          0   ROM Totals

==============================================================================

    Total RO  Size (Code + RO Data)                26368 (  25.75kB)
    Total RW  Size (RW Data + ZI Data)             11008 (  10.75kB)
    Total ROM Size (Code + RO Data + RW Data)      26956 (  26.32kB)

==============================================================================

